Archive member included because of file (symbol)

c:/winavr/bin/../lib/gcc/avr/4.1.2/avr5\libgcc.a(_exit.o)
                              c:/winavr/bin/../lib/gcc/avr/4.1.2/../../../../avr/lib/avr5/crtm644.o (exit)
c:/winavr/bin/../lib/gcc/avr/4.1.2/avr5\libgcc.a(_copy_data.o)
                              main.o (__do_copy_data)
c:/winavr/bin/../lib/gcc/avr/4.1.2/avr5\libgcc.a(_clear_bss.o)
                              main.o (__do_clear_bss)
c:/winavr/bin/../lib/gcc/avr/4.1.2/../../../../avr/lib/avr5\libc.a(itoa.o)
                              uart.o (itoa)
c:/winavr/bin/../lib/gcc/avr/4.1.2/../../../../avr/lib/avr5\libc.a(strrev.o)
                              c:/winavr/bin/../lib/gcc/avr/4.1.2/../../../../avr/lib/avr5\libc.a(itoa.o) (strrev)
c:/winavr/bin/../lib/gcc/avr/4.1.2/avr5\libgcc.a(_udivmodhi4.o)
                              c:/winavr/bin/../lib/gcc/avr/4.1.2/../../../../avr/lib/avr5\libc.a(itoa.o) (__udivmodhi4)

Discarded input sections

 .stabstr       0x00000000        0x0 c:/winavr/bin/../lib/gcc/avr/4.1.2/../../../../avr/lib/avr5/crtm644.o

Memory Configuration

Name             Origin             Length             Attributes
text             0x00000000         0x00020000         xr
data             0x00800060         0x0000ffa0         rw !x
eeprom           0x00810000         0x00010000         rw !x
*default*        0x00000000         0xffffffff

Linker script and memory map

Address of section .data set to 0x800100
LOAD c:/winavr/bin/../lib/gcc/avr/4.1.2/../../../../avr/lib/avr5/crtm644.o
LOAD main.o
LOAD spi.o
LOAD uart.o
LOAD c:/winavr/bin/../lib/gcc/avr/4.1.2/../../../../avr/lib/avr5\libm.a
LOAD c:/winavr/bin/../lib/gcc/avr/4.1.2/avr5\libgcc.a
LOAD c:/winavr/bin/../lib/gcc/avr/4.1.2/../../../../avr/lib/avr5\libc.a
LOAD c:/winavr/bin/../lib/gcc/avr/4.1.2/avr5\libgcc.a

.hash
 *(.hash)

.dynsym
 *(.dynsym)

.dynstr
 *(.dynstr)

.gnu.version
 *(.gnu.version)

.gnu.version_d
 *(.gnu.version_d)

.gnu.version_r
 *(.gnu.version_r)

.rel.init
 *(.rel.init)

.rela.init
 *(.rela.init)

.rel.text
 *(.rel.text)
 *(.rel.text.*)
 *(.rel.gnu.linkonce.t*)

.rela.text
 *(.rela.text)
 *(.rela.text.*)
 *(.rela.gnu.linkonce.t*)

.rel.fini
 *(.rel.fini)

.rela.fini
 *(.rela.fini)

.rel.rodata
 *(.rel.rodata)
 *(.rel.rodata.*)
 *(.rel.gnu.linkonce.r*)

.rela.rodata
 *(.rela.rodata)
 *(.rela.rodata.*)
 *(.rela.gnu.linkonce.r*)

.rel.data
 *(.rel.data)
 *(.rel.data.*)
 *(.rel.gnu.linkonce.d*)

.rela.data
 *(.rela.data)
 *(.rela.data.*)
 *(.rela.gnu.linkonce.d*)

.rel.ctors
 *(.rel.ctors)

.rela.ctors
 *(.rela.ctors)

.rel.dtors
 *(.rel.dtors)

.rela.dtors
 *(.rela.dtors)

.rel.got
 *(.rel.got)

.rela.got
 *(.rela.got)

.rel.bss
 *(.rel.bss)

.rela.bss
 *(.rela.bss)

.rel.plt
 *(.rel.plt)

.rela.plt
 *(.rela.plt)

.text           0x00000000      0x8d2
 *(.vectors)
 .vectors       0x00000000       0x70 c:/winavr/bin/../lib/gcc/avr/4.1.2/../../../../avr/lib/avr5/crtm644.o
                0x00000000                __vectors
                0x00000000                __vector_default
 *(.vectors)
 *(.progmem.gcc*)
 *(.progmem*)
                0x00000070                . = ALIGN (0x2)
                0x00000070                __trampolines_start = .
 *(.trampolines)
 .trampolines   0x00000070        0x0 linker stubs
 *(.trampolines*)
                0x00000070                __trampolines_end = .
 *(.jumptables)
 *(.jumptables*)
 *(.lowtext)
 *(.lowtext*)
                0x00000070                __ctors_start = .
 *(.ctors)
                0x00000070                __ctors_end = .
                0x00000070                __dtors_start = .
 *(.dtors)
                0x00000070                __dtors_end = .
 SORT(*)(.ctors)
 SORT(*)(.dtors)
 *(.init0)
 .init0         0x00000070        0x0 c:/winavr/bin/../lib/gcc/avr/4.1.2/../../../../avr/lib/avr5/crtm644.o
                0x00000070                __init
 *(.init0)
 *(.init1)
 *(.init1)
 *(.init2)
 .init2         0x00000070        0xc c:/winavr/bin/../lib/gcc/avr/4.1.2/../../../../avr/lib/avr5/crtm644.o
 *(.init2)
 *(.init3)
 *(.init3)
 *(.init4)
 .init4         0x0000007c       0x16 c:/winavr/bin/../lib/gcc/avr/4.1.2/avr5\libgcc.a(_copy_data.o)
                0x0000007c                __do_copy_data
 .init4         0x00000092       0x10 c:/winavr/bin/../lib/gcc/avr/4.1.2/avr5\libgcc.a(_clear_bss.o)
                0x00000092                __do_clear_bss
 *(.init4)
 *(.init5)
 *(.init5)
 *(.init6)
 *(.init6)
 *(.init7)
 *(.init7)
 *(.init8)
 *(.init8)
 *(.init9)
 .init9         0x000000a2        0x8 c:/winavr/bin/../lib/gcc/avr/4.1.2/../../../../avr/lib/avr5/crtm644.o
 *(.init9)
 *(.text)
 .text          0x000000aa        0x4 c:/winavr/bin/../lib/gcc/avr/4.1.2/../../../../avr/lib/avr5/crtm644.o
                0x000000aa                __vector_22
                0x000000aa                __vector_1
                0x000000aa                __vector_24
                0x000000aa                __vector_12
                0x000000aa                __bad_interrupt
                0x000000aa                __vector_6
                0x000000aa                __vector_3
                0x000000aa                __vector_23
                0x000000aa                __vector_25
                0x000000aa                __vector_11
                0x000000aa                __vector_13
                0x000000aa                __vector_17
                0x000000aa                __vector_19
                0x000000aa                __vector_7
                0x000000aa                __vector_27
                0x000000aa                __vector_5
                0x000000aa                __vector_4
                0x000000aa                __vector_9
                0x000000aa                __vector_2
                0x000000aa                __vector_21
                0x000000aa                __vector_15
                0x000000aa                __vector_8
                0x000000aa                __vector_26
                0x000000aa                __vector_14
                0x000000aa                __vector_10
                0x000000aa                __vector_16
                0x000000aa                __vector_18
                0x000000aa                __vector_20
 .text          0x000000ae      0x68c main.o
                0x000000b0                rfm12_wrt_cmd
                0x000000e4                rfm12_readStatus
                0x000000ae                rf12m_send
                0x0000010c                main
 .text          0x0000073a       0x28 spi.o
                0x00000754                spi_putc
                0x0000073a                spi_init
 .text          0x00000762       0xe4 uart.o
                0x00000772                uart_puts
                0x00000828                uart_puts_p
                0x00000790                uart_init
                0x00000762                uart_putc
                0x000007ce                uart_puti
 .text          0x00000846        0x0 c:/winavr/bin/../lib/gcc/avr/4.1.2/avr5\libgcc.a(_exit.o)
 .text          0x00000846        0x0 c:/winavr/bin/../lib/gcc/avr/4.1.2/avr5\libgcc.a(_copy_data.o)
 .text          0x00000846        0x0 c:/winavr/bin/../lib/gcc/avr/4.1.2/avr5\libgcc.a(_clear_bss.o)
 .text          0x00000846       0x42 c:/winavr/bin/../lib/gcc/avr/4.1.2/../../../../avr/lib/avr5\libc.a(itoa.o)
                0x00000846                itoa
 .text          0x00000888       0x20 c:/winavr/bin/../lib/gcc/avr/4.1.2/../../../../avr/lib/avr5\libc.a(strrev.o)
                0x00000888                strrev
 .text          0x000008a8        0x0 c:/winavr/bin/../lib/gcc/avr/4.1.2/avr5\libgcc.a(_udivmodhi4.o)
                0x000008a8                . = ALIGN (0x2)
 *(.text.*)
 .text.libgcc   0x000008a8        0x0 c:/winavr/bin/../lib/gcc/avr/4.1.2/avr5\libgcc.a(_exit.o)
 .text.libgcc   0x000008a8        0x0 c:/winavr/bin/../lib/gcc/avr/4.1.2/avr5\libgcc.a(_copy_data.o)
 .text.libgcc   0x000008a8        0x0 c:/winavr/bin/../lib/gcc/avr/4.1.2/avr5\libgcc.a(_clear_bss.o)
 .text.libgcc   0x000008a8       0x28 c:/winavr/bin/../lib/gcc/avr/4.1.2/avr5\libgcc.a(_udivmodhi4.o)
                0x000008a8                __udivmodhi4
                0x000008d0                . = ALIGN (0x2)
 *(.fini9)
 .fini9         0x000008d0        0x0 c:/winavr/bin/../lib/gcc/avr/4.1.2/avr5\libgcc.a(_exit.o)
                0x000008d0                exit
                0x000008d0                _exit
 *(.fini9)
 *(.fini8)
 *(.fini8)
 *(.fini7)
 *(.fini7)
 *(.fini6)
 *(.fini6)
 *(.fini5)
 *(.fini5)
 *(.fini4)
 *(.fini4)
 *(.fini3)
 *(.fini3)
 *(.fini2)
 *(.fini2)
 *(.fini1)
 *(.fini1)
 *(.fini0)
 .fini0         0x000008d0        0x2 c:/winavr/bin/../lib/gcc/avr/4.1.2/avr5\libgcc.a(_exit.o)
 *(.fini0)
                0x000008d2                _etext = .

.data           0x00800100       0x26 load address 0x000008d2
                0x00800100                PROVIDE (__data_start, .)
 *(.data)
 .data          0x00800100        0x0 c:/winavr/bin/../lib/gcc/avr/4.1.2/../../../../avr/lib/avr5/crtm644.o
 .data          0x00800100        0x3 main.o
 .data          0x00800103        0x0 spi.o
 .data          0x00800103       0x23 uart.o
 .data          0x00800126        0x0 c:/winavr/bin/../lib/gcc/avr/4.1.2/avr5\libgcc.a(_exit.o)
 .data          0x00800126        0x0 c:/winavr/bin/../lib/gcc/avr/4.1.2/avr5\libgcc.a(_copy_data.o)
 .data          0x00800126        0x0 c:/winavr/bin/../lib/gcc/avr/4.1.2/avr5\libgcc.a(_clear_bss.o)
 .data          0x00800126        0x0 c:/winavr/bin/../lib/gcc/avr/4.1.2/../../../../avr/lib/avr5\libc.a(itoa.o)
 .data          0x00800126        0x0 c:/winavr/bin/../lib/gcc/avr/4.1.2/../../../../avr/lib/avr5\libc.a(strrev.o)
 .data          0x00800126        0x0 c:/winavr/bin/../lib/gcc/avr/4.1.2/avr5\libgcc.a(_udivmodhi4.o)
 *(.data*)
 *(.rodata)
 *(.rodata*)
 *(.gnu.linkonce.d*)
                0x00800126                . = ALIGN (0x2)
                0x00800126                _edata = .
                0x00800126                PROVIDE (__data_end, .)

.bss            0x00800126        0x0
                0x00800126                PROVIDE (__bss_start, .)
 *(.bss)
 .bss           0x00800126        0x0 c:/winavr/bin/../lib/gcc/avr/4.1.2/../../../../avr/lib/avr5/crtm644.o
 .bss           0x00800126        0x0 main.o
 .bss           0x00800126        0x0 spi.o
 .bss           0x00800126        0x0 uart.o
 .bss           0x00800126        0x0 c:/winavr/bin/../lib/gcc/avr/4.1.2/avr5\libgcc.a(_exit.o)
 .bss           0x00800126        0x0 c:/winavr/bin/../lib/gcc/avr/4.1.2/avr5\libgcc.a(_copy_data.o)
 .bss           0x00800126        0x0 c:/winavr/bin/../lib/gcc/avr/4.1.2/avr5\libgcc.a(_clear_bss.o)
 .bss           0x00800126        0x0 c:/winavr/bin/../lib/gcc/avr/4.1.2/../../../../avr/lib/avr5\libc.a(itoa.o)
 .bss           0x00800126        0x0 c:/winavr/bin/../lib/gcc/avr/4.1.2/../../../../avr/lib/avr5\libc.a(strrev.o)
 .bss           0x00800126        0x0 c:/winavr/bin/../lib/gcc/avr/4.1.2/avr5\libgcc.a(_udivmodhi4.o)
 *(.bss*)
 *(COMMON)
                0x00800126                PROVIDE (__bss_end, .)
                0x000008d2                __data_load_start = LOADADDR (.data)
                0x000008f8                __data_load_end = (__data_load_start + SIZEOF (.data))

.noinit         0x00800126        0x0
                0x00800126                PROVIDE (__noinit_start, .)
 *(.noinit*)
                0x00800126                PROVIDE (__noinit_end, .)
                0x00800126                _end = .
                0x00800126                PROVIDE (__heap_start, .)

.eeprom         0x00810000        0x0
 *(.eeprom*)
                0x00810000                __eeprom_end = .

.stab           0x00000000      0x378
 *(.stab)
 .stab          0x00000000      0x378 c:/winavr/bin/../lib/gcc/avr/4.1.2/../../../../avr/lib/avr5/crtm644.o

.stabstr        0x00000000       0x71
 *(.stabstr)
 .stabstr       0x00000000       0x71 c:/winavr/bin/../lib/gcc/avr/4.1.2/../../../../avr/lib/avr5/crtm644.o

.stab.excl
 *(.stab.excl)

.stab.exclstr
 *(.stab.exclstr)

.stab.index
 *(.stab.index)

.stab.indexstr
 *(.stab.indexstr)

.comment
 *(.comment)

.debug
 *(.debug)

.line
 *(.line)

.debug_srcinfo
 *(.debug_srcinfo)

.debug_sfnames
 *(.debug_sfnames)

.debug_aranges  0x00000000       0x60
 *(.debug_aranges)
 .debug_aranges
                0x00000000       0x20 main.o
 .debug_aranges
                0x00000020       0x20 spi.o
 .debug_aranges
                0x00000040       0x20 uart.o

.debug_pubnames
                0x00000000       0xd7
 *(.debug_pubnames)
 .debug_pubnames
                0x00000000       0x51 main.o
 .debug_pubnames
                0x00000051       0x2c spi.o
 .debug_pubnames
                0x0000007d       0x5a uart.o

.debug_info     0x00000000      0x74b
 *(.debug_info)
 .debug_info    0x00000000      0x42c main.o
 .debug_info    0x0000042c       0xa5 spi.o
 .debug_info    0x000004d1      0x27a uart.o
 *(.gnu.linkonce.wi.*)

.debug_abbrev   0x00000000      0x298
 *(.debug_abbrev)
 .debug_abbrev  0x00000000      0x108 main.o
 .debug_abbrev  0x00000108       0x72 spi.o
 .debug_abbrev  0x0000017a      0x11e uart.o

.debug_line     0x00000000      0x6ce
 *(.debug_line)
 .debug_line    0x00000000      0x3fd main.o
 .debug_line    0x000003fd       0xe3 spi.o
 .debug_line    0x000004e0      0x1ee uart.o

.debug_frame    0x00000000       0xe0
 *(.debug_frame)
 .debug_frame   0x00000000       0x50 main.o
 .debug_frame   0x00000050       0x30 spi.o
 .debug_frame   0x00000080       0x60 uart.o

.debug_str      0x00000000      0x1c7
 *(.debug_str)
 .debug_str     0x00000000       0xf5 main.o
                                0x129 (size before relaxing)
 .debug_str     0x000000f5       0x66 spi.o
                                 0xf8 (size before relaxing)
 .debug_str     0x0000015b       0x6c uart.o
                                0x174 (size before relaxing)

.debug_loc      0x00000000      0x193
 *(.debug_loc)
 .debug_loc     0x00000000       0xfa main.o
 .debug_loc     0x000000fa       0x13 spi.o
 .debug_loc     0x0000010d       0x86 uart.o

.debug_macinfo
 *(.debug_macinfo)
OUTPUT(main.elf elf32-avr)
LOAD linker stubs

.debug_ranges   0x00000000      0x1b0
 .debug_ranges  0x00000000      0x198 main.o
 .debug_ranges  0x00000198       0x18 uart.o

Cross Reference Table

Symbol                                            File
__bad_interrupt                                   c:/winavr/bin/../lib/gcc/avr/4.1.2/../../../../avr/lib/avr5/crtm644.o
__bss_end                                         c:/winavr/bin/../lib/gcc/avr/4.1.2/avr5\libgcc.a(_clear_bss.o)
__bss_start                                       c:/winavr/bin/../lib/gcc/avr/4.1.2/avr5\libgcc.a(_clear_bss.o)
__data_end                                        c:/winavr/bin/../lib/gcc/avr/4.1.2/avr5\libgcc.a(_copy_data.o)
__data_load_start                                 c:/winavr/bin/../lib/gcc/avr/4.1.2/avr5\libgcc.a(_copy_data.o)
__data_start                                      c:/winavr/bin/../lib/gcc/avr/4.1.2/avr5\libgcc.a(_copy_data.o)
__do_clear_bss                                    c:/winavr/bin/../lib/gcc/avr/4.1.2/avr5\libgcc.a(_clear_bss.o)
                                                  uart.o
                                                  spi.o
                                                  main.o
__do_copy_data                                    c:/winavr/bin/../lib/gcc/avr/4.1.2/avr5\libgcc.a(_copy_data.o)
                                                  uart.o
                                                  spi.o
                                                  main.o
__heap_end                                        c:/winavr/bin/../lib/gcc/avr/4.1.2/../../../../avr/lib/avr5/crtm644.o
__init                                            c:/winavr/bin/../lib/gcc/avr/4.1.2/../../../../avr/lib/avr5/crtm644.o
__stack                                           c:/winavr/bin/../lib/gcc/avr/4.1.2/../../../../avr/lib/avr5/crtm644.o
__udivmodhi4                                      c:/winavr/bin/../lib/gcc/avr/4.1.2/avr5\libgcc.a(_udivmodhi4.o)
                                                  c:/winavr/bin/../lib/gcc/avr/4.1.2/../../../../avr/lib/avr5\libc.a(itoa.o)
__vector_1                                        c:/winavr/bin/../lib/gcc/avr/4.1.2/../../../../avr/lib/avr5/crtm644.o
__vector_10                                       c:/winavr/bin/../lib/gcc/avr/4.1.2/../../../../avr/lib/avr5/crtm644.o
__vector_11                                       c:/winavr/bin/../lib/gcc/avr/4.1.2/../../../../avr/lib/avr5/crtm644.o
__vector_12                                       c:/winavr/bin/../lib/gcc/avr/4.1.2/../../../../avr/lib/avr5/crtm644.o
__vector_13                                       c:/winavr/bin/../lib/gcc/avr/4.1.2/../../../../avr/lib/avr5/crtm644.o
__vector_14                                       c:/winavr/bin/../lib/gcc/avr/4.1.2/../../../../avr/lib/avr5/crtm644.o
__vector_15                                       c:/winavr/bin/../lib/gcc/avr/4.1.2/../../../../avr/lib/avr5/crtm644.o
__vector_16                                       c:/winavr/bin/../lib/gcc/avr/4.1.2/../../../../avr/lib/avr5/crtm644.o
__vector_17                                       c:/winavr/bin/../lib/gcc/avr/4.1.2/../../../../avr/lib/avr5/crtm644.o
__vector_18                                       c:/winavr/bin/../lib/gcc/avr/4.1.2/../../../../avr/lib/avr5/crtm644.o
__vector_19                                       c:/winavr/bin/../lib/gcc/avr/4.1.2/../../../../avr/lib/avr5/crtm644.o
__vector_2                                        c:/winavr/bin/../lib/gcc/avr/4.1.2/../../../../avr/lib/avr5/crtm644.o
__vector_20                                       c:/winavr/bin/../lib/gcc/avr/4.1.2/../../../../avr/lib/avr5/crtm644.o
__vector_21                                       c:/winavr/bin/../lib/gcc/avr/4.1.2/../../../../avr/lib/avr5/crtm644.o
__vector_22                                       c:/winavr/bin/../lib/gcc/avr/4.1.2/../../../../avr/lib/avr5/crtm644.o
__vector_23                                       c:/winavr/bin/../lib/gcc/avr/4.1.2/../../../../avr/lib/avr5/crtm644.o
__vector_24                                       c:/winavr/bin/../lib/gcc/avr/4.1.2/../../../../avr/lib/avr5/crtm644.o
__vector_25                                       c:/winavr/bin/../lib/gcc/avr/4.1.2/../../../../avr/lib/avr5/crtm644.o
__vector_26                                       c:/winavr/bin/../lib/gcc/avr/4.1.2/../../../../avr/lib/avr5/crtm644.o
__vector_27                                       c:/winavr/bin/../lib/gcc/avr/4.1.2/../../../../avr/lib/avr5/crtm644.o
__vector_3                                        c:/winavr/bin/../lib/gcc/avr/4.1.2/../../../../avr/lib/avr5/crtm644.o
__vector_4                                        c:/winavr/bin/../lib/gcc/avr/4.1.2/../../../../avr/lib/avr5/crtm644.o
__vector_5                                        c:/winavr/bin/../lib/gcc/avr/4.1.2/../../../../avr/lib/avr5/crtm644.o
__vector_6                                        c:/winavr/bin/../lib/gcc/avr/4.1.2/../../../../avr/lib/avr5/crtm644.o
__vector_7                                        c:/winavr/bin/../lib/gcc/avr/4.1.2/../../../../avr/lib/avr5/crtm644.o
__vector_8                                        c:/winavr/bin/../lib/gcc/avr/4.1.2/../../../../avr/lib/avr5/crtm644.o
__vector_9                                        c:/winavr/bin/../lib/gcc/avr/4.1.2/../../../../avr/lib/avr5/crtm644.o
__vector_default                                  c:/winavr/bin/../lib/gcc/avr/4.1.2/../../../../avr/lib/avr5/crtm644.o
__vectors                                         c:/winavr/bin/../lib/gcc/avr/4.1.2/../../../../avr/lib/avr5/crtm644.o
_exit                                             c:/winavr/bin/../lib/gcc/avr/4.1.2/avr5\libgcc.a(_exit.o)
exit                                              c:/winavr/bin/../lib/gcc/avr/4.1.2/avr5\libgcc.a(_exit.o)
                                                  c:/winavr/bin/../lib/gcc/avr/4.1.2/../../../../avr/lib/avr5/crtm644.o
itoa                                              c:/winavr/bin/../lib/gcc/avr/4.1.2/../../../../avr/lib/avr5\libc.a(itoa.o)
                                                  uart.o
main                                              main.o
                                                  c:/winavr/bin/../lib/gcc/avr/4.1.2/../../../../avr/lib/avr5/crtm644.o
rf12m_send                                        main.o
rfm12_readStatus                                  main.o
rfm12_wrt_cmd                                     main.o
spi_init                                          spi.o
                                                  main.o
spi_putc                                          spi.o
                                                  main.o
strrev                                            c:/winavr/bin/../lib/gcc/avr/4.1.2/../../../../avr/lib/avr5\libc.a(strrev.o)
                                                  c:/winavr/bin/../lib/gcc/avr/4.1.2/../../../../avr/lib/avr5\libc.a(itoa.o)
uart_init                                         uart.o
                                                  main.o
uart_putc                                         uart.o
uart_puti                                         uart.o
                                                  main.o
uart_puts                                         uart.o
                                                  main.o
uart_puts_p                                       uart.o
