Archive member included because of file (symbol)

c:/winavr/bin/../lib/gcc/avr/4.2.2/avr5\libgcc.a(_udivmodsi4.o)
                              rf12.o (__udivmodsi4)
c:/winavr/bin/../lib/gcc/avr/4.2.2/avr5\libgcc.a(_divmodsi4.o)
                              rf12.o (__divmodsi4)
c:/winavr/bin/../lib/gcc/avr/4.2.2/avr5\libgcc.a(_exit.o)
                              c:/winavr/bin/../lib/gcc/avr/4.2.2/../../../../avr/lib/avr5/crtm16.o (exit)
c:/winavr/bin/../lib/gcc/avr/4.2.2/avr5\libgcc.a(_copy_data.o)
                              main.o (__do_copy_data)
c:/winavr/bin/../lib/gcc/avr/4.2.2/avr5\libgcc.a(_clear_bss.o)
                              main.o (__do_clear_bss)
c:/winavr/bin/../lib/gcc/avr/4.2.2/../../../../avr/lib/avr5\libc.a(strcmp.o)
                              command.o (strcmp)

Allocating common symbols
Common symbol       size              file

nText               0x1               command.o
text                0x64              command.o

Memory Configuration

Name             Origin             Length             Attributes
text             0x00000000         0x00020000         xr
data             0x00800060         0x0000ffa0         rw !x
eeprom           0x00810000         0x00010000         rw !x
fuse             0x00820000         0x00000400         rw !x
lock             0x00830000         0x00000400         rw !x
signature        0x00840000         0x00000400         rw !x
*default*        0x00000000         0xffffffff

Linker script and memory map

LOAD c:/winavr/bin/../lib/gcc/avr/4.2.2/../../../../avr/lib/avr5/crtm16.o
LOAD main.o
LOAD rf12.o
LOAD command.o
LOAD c:/winavr/bin/../lib/gcc/avr/4.2.2/../../../../avr/lib/avr5\libm.a
LOAD c:/winavr/bin/../lib/gcc/avr/4.2.2/avr5\libgcc.a
LOAD c:/winavr/bin/../lib/gcc/avr/4.2.2/../../../../avr/lib/avr5\libc.a
LOAD c:/winavr/bin/../lib/gcc/avr/4.2.2/avr5\libgcc.a

.hash
 *(.hash)

.dynsym
 *(.dynsym)

.dynstr
 *(.dynstr)

.gnu.version
 *(.gnu.version)

.gnu.version_d
 *(.gnu.version_d)

.gnu.version_r
 *(.gnu.version_r)

.rel.init
 *(.rel.init)

.rela.init
 *(.rela.init)

.rel.text
 *(.rel.text)
 *(.rel.text.*)
 *(.rel.gnu.linkonce.t*)

.rela.text
 *(.rela.text)
 *(.rela.text.*)
 *(.rela.gnu.linkonce.t*)

.rel.fini
 *(.rel.fini)

.rela.fini
 *(.rela.fini)

.rel.rodata
 *(.rel.rodata)
 *(.rel.rodata.*)
 *(.rel.gnu.linkonce.r*)

.rela.rodata
 *(.rela.rodata)
 *(.rela.rodata.*)
 *(.rela.gnu.linkonce.r*)

.rel.data
 *(.rel.data)
 *(.rel.data.*)
 *(.rel.gnu.linkonce.d*)

.rela.data
 *(.rela.data)
 *(.rela.data.*)
 *(.rela.gnu.linkonce.d*)

.rel.ctors
 *(.rel.ctors)

.rela.ctors
 *(.rela.ctors)

.rel.dtors
 *(.rel.dtors)

.rela.dtors
 *(.rela.dtors)

.rel.got
 *(.rel.got)

.rela.got
 *(.rela.got)

.rel.bss
 *(.rel.bss)

.rela.bss
 *(.rela.bss)

.rel.plt
 *(.rel.plt)

.rela.plt
 *(.rela.plt)

.text           0x00000000     0x1f8a
 *(.vectors)
 .vectors       0x00000000       0x54 c:/winavr/bin/../lib/gcc/avr/4.2.2/../../../../avr/lib/avr5/crtm16.o
                0x00000000                __vectors
                0x00000000                __vector_default
 *(.vectors)
 *(.progmem.gcc*)
 *(.progmem*)
 .progmem.data  0x00000054      0x45c command.o
                0x00000054                Str_CR
                0x00000057                Str_BOT
                0x000004b0                . = ALIGN (0x2)
                0x000004b0                __trampolines_start = .
 *(.trampolines)
 .trampolines   0x000004b0        0x0 linker stubs
 *(.trampolines*)
                0x000004b0                __trampolines_end = .
 *(.jumptables)
 *(.jumptables*)
 *(.lowtext)
 *(.lowtext*)
                0x000004b0                __ctors_start = .
 *(.ctors)
                0x000004b0                __ctors_end = .
                0x000004b0                __dtors_start = .
 *(.dtors)
                0x000004b0                __dtors_end = .
 SORT(*)(.ctors)
 SORT(*)(.dtors)
 *(.init0)
 .init0         0x000004b0        0x0 c:/winavr/bin/../lib/gcc/avr/4.2.2/../../../../avr/lib/avr5/crtm16.o
                0x000004b0                __init
 *(.init0)
 *(.init1)
 *(.init1)
 *(.init2)
 .init2         0x000004b0        0xc c:/winavr/bin/../lib/gcc/avr/4.2.2/../../../../avr/lib/avr5/crtm16.o
 *(.init2)
 *(.init3)
 *(.init3)
 *(.init4)
 .init4         0x000004bc       0x16 c:/winavr/bin/../lib/gcc/avr/4.2.2/avr5\libgcc.a(_copy_data.o)
                0x000004bc                __do_copy_data
 .init4         0x000004d2       0x10 c:/winavr/bin/../lib/gcc/avr/4.2.2/avr5\libgcc.a(_clear_bss.o)
                0x000004d2                __do_clear_bss
 *(.init4)
 *(.init5)
 *(.init5)
 *(.init6)
 *(.init6)
 *(.init7)
 *(.init7)
 *(.init8)
 *(.init8)
 *(.init9)
 .init9         0x000004e2        0x8 c:/winavr/bin/../lib/gcc/avr/4.2.2/../../../../avr/lib/avr5/crtm16.o
 *(.init9)
 *(.text)
 .text          0x000004ea        0x4 c:/winavr/bin/../lib/gcc/avr/4.2.2/../../../../avr/lib/avr5/crtm16.o
                0x000004ea                __vector_1
                0x000004ea                __vector_12
                0x000004ea                __bad_interrupt
                0x000004ea                __vector_6
                0x000004ea                __vector_3
                0x000004ea                __vector_11
                0x000004ea                __vector_13
                0x000004ea                __vector_17
                0x000004ea                __vector_19
                0x000004ea                __vector_7
                0x000004ea                __vector_5
                0x000004ea                __vector_4
                0x000004ea                __vector_9
                0x000004ea                __vector_2
                0x000004ea                __vector_15
                0x000004ea                __vector_8
                0x000004ea                __vector_14
                0x000004ea                __vector_10
                0x000004ea                __vector_16
                0x000004ea                __vector_18
                0x000004ea                __vector_20
 .text          0x000004ee       0x80 main.o
                0x000004ee                main
 .text          0x0000056e      0xe28 rf12.o
                0x000006c6                rf12_trans
                0x0000056e                crcUpdate
                0x00000810                rf12_setbandwidth
                0x000007cc                rf12_setfreq
                0x00000d96                rf12_txdata
                0x0000071c                rf12_setpower
                0x00000864                rf12_init
                0x000006ec                rf12_ready
                0x00000756                rf12_setbaud
                0x0000096e                rf12_rxdata
 .text          0x00001396      0xb66 command.o
                0x00001404                command_put
                0x000015c0                command_prompt
                0x000013a4                uart_puts_p
                0x00001396                command_get
                0x0000139e                command_text
 .text          0x00001efc        0x0 c:/winavr/bin/../lib/gcc/avr/4.2.2/avr5\libgcc.a(_udivmodsi4.o)
 .text          0x00001efc        0x0 c:/winavr/bin/../lib/gcc/avr/4.2.2/avr5\libgcc.a(_divmodsi4.o)
 .text          0x00001efc        0x0 c:/winavr/bin/../lib/gcc/avr/4.2.2/avr5\libgcc.a(_exit.o)
 .text          0x00001efc        0x0 c:/winavr/bin/../lib/gcc/avr/4.2.2/avr5\libgcc.a(_copy_data.o)
 .text          0x00001efc        0x0 c:/winavr/bin/../lib/gcc/avr/4.2.2/avr5\libgcc.a(_clear_bss.o)
 .text          0x00001efc       0x12 c:/winavr/bin/../lib/gcc/avr/4.2.2/../../../../avr/lib/avr5\libc.a(strcmp.o)
                0x00001efc                strcmp
                0x00001f0e                . = ALIGN (0x2)
 *(.text.*)
 .text.libgcc   0x00001f0e       0x44 c:/winavr/bin/../lib/gcc/avr/4.2.2/avr5\libgcc.a(_udivmodsi4.o)
                0x00001f0e                __udivmodsi4
 .text.libgcc   0x00001f52       0x36 c:/winavr/bin/../lib/gcc/avr/4.2.2/avr5\libgcc.a(_divmodsi4.o)
                0x00001f52                __divmodsi4
 .text.libgcc   0x00001f88        0x0 c:/winavr/bin/../lib/gcc/avr/4.2.2/avr5\libgcc.a(_exit.o)
 .text.libgcc   0x00001f88        0x0 c:/winavr/bin/../lib/gcc/avr/4.2.2/avr5\libgcc.a(_copy_data.o)
 .text.libgcc   0x00001f88        0x0 c:/winavr/bin/../lib/gcc/avr/4.2.2/avr5\libgcc.a(_clear_bss.o)
                0x00001f88                . = ALIGN (0x2)
 *(.fini9)
 .fini9         0x00001f88        0x0 c:/winavr/bin/../lib/gcc/avr/4.2.2/avr5\libgcc.a(_exit.o)
                0x00001f88                exit
                0x00001f88                _exit
 *(.fini9)
 *(.fini8)
 *(.fini8)
 *(.fini7)
 *(.fini7)
 *(.fini6)
 *(.fini6)
 *(.fini5)
 *(.fini5)
 *(.fini4)
 *(.fini4)
 *(.fini3)
 *(.fini3)
 *(.fini2)
 *(.fini2)
 *(.fini1)
 *(.fini1)
 *(.fini0)
 .fini0         0x00001f88        0x2 c:/winavr/bin/../lib/gcc/avr/4.2.2/avr5\libgcc.a(_exit.o)
 *(.fini0)
                0x00001f8a                _etext = .

.data           0x00800060       0x52 load address 0x00001f8a
                0x00800060                PROVIDE (__data_start, .)
 *(.data)
 .data          0x00800060        0x0 c:/winavr/bin/../lib/gcc/avr/4.2.2/../../../../avr/lib/avr5/crtm16.o
 .data          0x00800060        0xf main.o
 .data          0x0080006f        0x0 rf12.o
 .data          0x0080006f       0x42 command.o
                0x008000af                ptext
 .data          0x008000b1        0x0 c:/winavr/bin/../lib/gcc/avr/4.2.2/avr5\libgcc.a(_udivmodsi4.o)
 .data          0x008000b1        0x0 c:/winavr/bin/../lib/gcc/avr/4.2.2/avr5\libgcc.a(_divmodsi4.o)
 .data          0x008000b1        0x0 c:/winavr/bin/../lib/gcc/avr/4.2.2/avr5\libgcc.a(_exit.o)
 .data          0x008000b1        0x0 c:/winavr/bin/../lib/gcc/avr/4.2.2/avr5\libgcc.a(_copy_data.o)
 .data          0x008000b1        0x0 c:/winavr/bin/../lib/gcc/avr/4.2.2/avr5\libgcc.a(_clear_bss.o)
 .data          0x008000b1        0x0 c:/winavr/bin/../lib/gcc/avr/4.2.2/../../../../avr/lib/avr5\libc.a(strcmp.o)
 *(.data*)
 *(.rodata)
 *(.rodata*)
 *(.gnu.linkonce.d*)
                0x008000b2                . = ALIGN (0x2)
 *fill*         0x008000b1        0x1 00
                0x008000b2                _edata = .
                0x008000b2                PROVIDE (__data_end, .)

.bss            0x008000b2       0x66 load address 0x00001fdc
                0x008000b2                PROVIDE (__bss_start, .)
 *(.bss)
 .bss           0x008000b2        0x0 c:/winavr/bin/../lib/gcc/avr/4.2.2/../../../../avr/lib/avr5/crtm16.o
 .bss           0x008000b2        0x0 main.o
 .bss           0x008000b2        0x0 rf12.o
 .bss           0x008000b2        0x1 command.o
                0x008000b2                command
 .bss           0x008000b3        0x0 c:/winavr/bin/../lib/gcc/avr/4.2.2/avr5\libgcc.a(_udivmodsi4.o)
 .bss           0x008000b3        0x0 c:/winavr/bin/../lib/gcc/avr/4.2.2/avr5\libgcc.a(_divmodsi4.o)
 .bss           0x008000b3        0x0 c:/winavr/bin/../lib/gcc/avr/4.2.2/avr5\libgcc.a(_exit.o)
 .bss           0x008000b3        0x0 c:/winavr/bin/../lib/gcc/avr/4.2.2/avr5\libgcc.a(_copy_data.o)
 .bss           0x008000b3        0x0 c:/winavr/bin/../lib/gcc/avr/4.2.2/avr5\libgcc.a(_clear_bss.o)
 .bss           0x008000b3        0x0 c:/winavr/bin/../lib/gcc/avr/4.2.2/../../../../avr/lib/avr5\libc.a(strcmp.o)
 *(.bss*)
 *(COMMON)
 COMMON         0x008000b3       0x65 command.o
                0x008000b3                nText
                0x008000b4                text
                0x00800118                PROVIDE (__bss_end, .)
                0x00001f8a                __data_load_start = LOADADDR (.data)
                0x00001fdc                __data_load_end = (__data_load_start + SIZEOF (.data))

.noinit         0x00800118        0x0
                0x00800118                PROVIDE (__noinit_start, .)
 *(.noinit*)
                0x00800118                PROVIDE (__noinit_end, .)
                0x00800118                _end = .
                0x00800118                PROVIDE (__heap_start, .)

.eeprom         0x00810000        0x0
 *(.eeprom*)
                0x00810000                __eeprom_end = .

.fuse
 *(.fuse)
 *(.lfuse)
 *(.hfuse)
 *(.efuse)

.lock
 *(.lock*)

.signature
 *(.signature*)

.stab           0x00000000      0x378
 *(.stab)
 .stab          0x00000000      0x378 c:/winavr/bin/../lib/gcc/avr/4.2.2/../../../../avr/lib/avr5/crtm16.o

.stabstr        0x00000000       0x5f
 *(.stabstr)
 .stabstr       0x00000000       0x5f c:/winavr/bin/../lib/gcc/avr/4.2.2/../../../../avr/lib/avr5/crtm16.o

.stab.excl
 *(.stab.excl)

.stab.exclstr
 *(.stab.exclstr)

.stab.index
 *(.stab.index)

.stab.indexstr
 *(.stab.indexstr)

.comment
 *(.comment)

.debug
 *(.debug)

.line
 *(.line)

.debug_srcinfo
 *(.debug_srcinfo)

.debug_sfnames
 *(.debug_sfnames)

.debug_aranges  0x00000000       0x60
 *(.debug_aranges)
 .debug_aranges
                0x00000000       0x20 main.o
 .debug_aranges
                0x00000020       0x20 rf12.o
 .debug_aranges
                0x00000040       0x20 command.o

.debug_pubnames
                0x00000000      0x177
 *(.debug_pubnames)
 .debug_pubnames
                0x00000000       0x1b main.o
 .debug_pubnames
                0x0000001b       0xb6 rf12.o
 .debug_pubnames
                0x000000d1       0xa6 command.o

.debug_info     0x00000000     0x2061
 *(.debug_info)
 .debug_info    0x00000000       0xa3 main.o
 .debug_info    0x000000a3      0xc4c rf12.o
 .debug_info    0x00000cef     0x1372 command.o
 *(.gnu.linkonce.wi.*)

.debug_abbrev   0x00000000      0x3cc
 *(.debug_abbrev)
 .debug_abbrev  0x00000000       0x68 main.o
 .debug_abbrev  0x00000068      0x209 rf12.o
 .debug_abbrev  0x00000271      0x15b command.o

.debug_line     0x00000000     0x200b
 *(.debug_line)
 .debug_line    0x00000000       0xbb main.o
 .debug_line    0x000000bb     0x14bc rf12.o
 .debug_line    0x00001577      0xa94 command.o

.debug_frame    0x00000000      0x130
 *(.debug_frame)
 .debug_frame   0x00000000       0x20 main.o
 .debug_frame   0x00000020       0xb0 rf12.o
 .debug_frame   0x000000d0       0x60 command.o

.debug_str      0x00000000      0x25b
 *(.debug_str)
 .debug_str     0x00000000       0xb4 main.o
                                 0xed (size before relaxing)
 .debug_str     0x000000b4      0x111 rf12.o
                                0x205 (size before relaxing)
 .debug_str     0x000001c5       0x96 command.o
                                0x17e (size before relaxing)

.debug_loc      0x00000000     0x296a
 *(.debug_loc)
 .debug_loc     0x00000000      0x943 rf12.o
 .debug_loc     0x00000943     0x2027 command.o

.debug_macinfo
 *(.debug_macinfo)
OUTPUT(main.elf elf32-avr)
LOAD linker stubs

.debug_ranges   0x00000000      0x8d0
 .debug_ranges  0x00000000      0x120 rf12.o
 .debug_ranges  0x00000120      0x7b0 command.o

Cross Reference Table

Symbol                                            File
Str_BOT                                           command.o
Str_CR                                            command.o
__bad_interrupt                                   c:/winavr/bin/../lib/gcc/avr/4.2.2/../../../../avr/lib/avr5/crtm16.o
__bss_end                                         c:/winavr/bin/../lib/gcc/avr/4.2.2/avr5\libgcc.a(_clear_bss.o)
__bss_start                                       c:/winavr/bin/../lib/gcc/avr/4.2.2/avr5\libgcc.a(_clear_bss.o)
__data_end                                        c:/winavr/bin/../lib/gcc/avr/4.2.2/avr5\libgcc.a(_copy_data.o)
__data_load_start                                 c:/winavr/bin/../lib/gcc/avr/4.2.2/avr5\libgcc.a(_copy_data.o)
__data_start                                      c:/winavr/bin/../lib/gcc/avr/4.2.2/avr5\libgcc.a(_copy_data.o)
__divmodsi4                                       c:/winavr/bin/../lib/gcc/avr/4.2.2/avr5\libgcc.a(_divmodsi4.o)
                                                  rf12.o
__do_clear_bss                                    c:/winavr/bin/../lib/gcc/avr/4.2.2/avr5\libgcc.a(_clear_bss.o)
                                                  command.o
                                                  rf12.o
                                                  main.o
__do_copy_data                                    c:/winavr/bin/../lib/gcc/avr/4.2.2/avr5\libgcc.a(_copy_data.o)
                                                  command.o
                                                  rf12.o
                                                  main.o
__heap_end                                        c:/winavr/bin/../lib/gcc/avr/4.2.2/../../../../avr/lib/avr5/crtm16.o
__init                                            c:/winavr/bin/../lib/gcc/avr/4.2.2/../../../../avr/lib/avr5/crtm16.o
__stack                                           c:/winavr/bin/../lib/gcc/avr/4.2.2/../../../../avr/lib/avr5/crtm16.o
__udivmodsi4                                      c:/winavr/bin/../lib/gcc/avr/4.2.2/avr5\libgcc.a(_udivmodsi4.o)
                                                  c:/winavr/bin/../lib/gcc/avr/4.2.2/avr5\libgcc.a(_divmodsi4.o)
                                                  rf12.o
__vector_1                                        c:/winavr/bin/../lib/gcc/avr/4.2.2/../../../../avr/lib/avr5/crtm16.o
__vector_10                                       c:/winavr/bin/../lib/gcc/avr/4.2.2/../../../../avr/lib/avr5/crtm16.o
__vector_11                                       c:/winavr/bin/../lib/gcc/avr/4.2.2/../../../../avr/lib/avr5/crtm16.o
__vector_12                                       c:/winavr/bin/../lib/gcc/avr/4.2.2/../../../../avr/lib/avr5/crtm16.o
__vector_13                                       c:/winavr/bin/../lib/gcc/avr/4.2.2/../../../../avr/lib/avr5/crtm16.o
__vector_14                                       c:/winavr/bin/../lib/gcc/avr/4.2.2/../../../../avr/lib/avr5/crtm16.o
__vector_15                                       c:/winavr/bin/../lib/gcc/avr/4.2.2/../../../../avr/lib/avr5/crtm16.o
__vector_16                                       c:/winavr/bin/../lib/gcc/avr/4.2.2/../../../../avr/lib/avr5/crtm16.o
__vector_17                                       c:/winavr/bin/../lib/gcc/avr/4.2.2/../../../../avr/lib/avr5/crtm16.o
__vector_18                                       c:/winavr/bin/../lib/gcc/avr/4.2.2/../../../../avr/lib/avr5/crtm16.o
__vector_19                                       c:/winavr/bin/../lib/gcc/avr/4.2.2/../../../../avr/lib/avr5/crtm16.o
__vector_2                                        c:/winavr/bin/../lib/gcc/avr/4.2.2/../../../../avr/lib/avr5/crtm16.o
__vector_20                                       c:/winavr/bin/../lib/gcc/avr/4.2.2/../../../../avr/lib/avr5/crtm16.o
__vector_3                                        c:/winavr/bin/../lib/gcc/avr/4.2.2/../../../../avr/lib/avr5/crtm16.o
__vector_4                                        c:/winavr/bin/../lib/gcc/avr/4.2.2/../../../../avr/lib/avr5/crtm16.o
__vector_5                                        c:/winavr/bin/../lib/gcc/avr/4.2.2/../../../../avr/lib/avr5/crtm16.o
__vector_6                                        c:/winavr/bin/../lib/gcc/avr/4.2.2/../../../../avr/lib/avr5/crtm16.o
__vector_7                                        c:/winavr/bin/../lib/gcc/avr/4.2.2/../../../../avr/lib/avr5/crtm16.o
__vector_8                                        c:/winavr/bin/../lib/gcc/avr/4.2.2/../../../../avr/lib/avr5/crtm16.o
__vector_9                                        c:/winavr/bin/../lib/gcc/avr/4.2.2/../../../../avr/lib/avr5/crtm16.o
__vector_default                                  c:/winavr/bin/../lib/gcc/avr/4.2.2/../../../../avr/lib/avr5/crtm16.o
__vectors                                         c:/winavr/bin/../lib/gcc/avr/4.2.2/../../../../avr/lib/avr5/crtm16.o
_exit                                             c:/winavr/bin/../lib/gcc/avr/4.2.2/avr5\libgcc.a(_exit.o)
command                                           command.o
command_get                                       command.o
                                                  main.o
command_prompt                                    command.o
                                                  main.o
command_put                                       command.o
                                                  main.o
command_text                                      command.o
crcUpdate                                         rf12.o
exit                                              c:/winavr/bin/../lib/gcc/avr/4.2.2/avr5\libgcc.a(_exit.o)
                                                  c:/winavr/bin/../lib/gcc/avr/4.2.2/../../../../avr/lib/avr5/crtm16.o
main                                              main.o
                                                  c:/winavr/bin/../lib/gcc/avr/4.2.2/../../../../avr/lib/avr5/crtm16.o
nText                                             command.o
ptext                                             command.o
rf12_init                                         rf12.o
                                                  main.o
rf12_ready                                        rf12.o
rf12_rxdata                                       rf12.o
                                                  command.o
                                                  main.o
rf12_setbandwidth                                 rf12.o
                                                  main.o
rf12_setbaud                                      rf12.o
                                                  main.o
rf12_setfreq                                      rf12.o
                                                  main.o
rf12_setpower                                     rf12.o
                                                  main.o
rf12_trans                                        rf12.o
rf12_txdata                                       rf12.o
                                                  command.o
                                                  main.o
strcmp                                            c:/winavr/bin/../lib/gcc/avr/4.2.2/../../../../avr/lib/avr5\libc.a(strcmp.o)
                                                  command.o
text                                              command.o
uart_puts_p                                       command.o
