Archive member included because of file (symbol)

c:/winavr/bin/../lib/gcc/avr/4.3.0/avr5\libgcc.a(_udivmodsi4.o)
                              ../nbot_lib/timer.o (__udivmodsi4)
c:/winavr/bin/../lib/gcc/avr/4.3.0/avr5\libgcc.a(_exit.o)
                              c:/winavr/bin/../lib/gcc/avr/4.3.0/../../../../avr/lib/avr5/crtm168p.o (exit)
c:/winavr/bin/../lib/gcc/avr/4.3.0/avr5\libgcc.a(_copy_data.o)
                              main.o (__do_copy_data)
c:/winavr/bin/../lib/gcc/avr/4.3.0/avr5\libgcc.a(_clear_bss.o)
                              main.o (__do_clear_bss)
c:/winavr/bin/../lib/gcc/avr/4.3.0/../../../../avr/lib/avr5\libc.a(itoa.o)
                              ../nbot_lib/uart.o (itoa)
c:/winavr/bin/../lib/gcc/avr/4.3.0/../../../../avr/lib/avr5\libc.a(strrev.o)
                              c:/winavr/bin/../lib/gcc/avr/4.3.0/../../../../avr/lib/avr5\libc.a(itoa.o) (strrev)
c:/winavr/bin/../lib/gcc/avr/4.3.0/avr5\libgcc.a(_udivmodhi4.o)
                              c:/winavr/bin/../lib/gcc/avr/4.3.0/../../../../avr/lib/avr5\libc.a(itoa.o) (__udivmodhi4)

Allocating common symbols
Common symbol       size              file

inbuf               0xa               ../nbot_lib/uart.o
lCounter            0x4               main.o
infifo              0x8               ../nbot_lib/uart.o
count36kHz          0x1               main.o
timebase            0x4               main.o

Memory Configuration

Name             Origin             Length             Attributes
text             0x00000000         0x00020000         xr
data             0x00800060         0x0000ffa0         rw !x
eeprom           0x00810000         0x00010000         rw !x
fuse             0x00820000         0x00000400         rw !x
lock             0x00830000         0x00000400         rw !x
signature        0x00840000         0x00000400         rw !x
*default*        0x00000000         0xffffffff

Linker script and memory map

Address of section .data set to 0x800100
LOAD c:/winavr/bin/../lib/gcc/avr/4.3.0/../../../../avr/lib/avr5/crtm168p.o
LOAD main.o
LOAD ../nbot_lib/uart.o
LOAD ../nbot_lib/fifo.o
LOAD ../nbot_lib/timer.o
LOAD c:/winavr/bin/../lib/gcc/avr/4.3.0/../../../../avr/lib/avr5\libm.a
LOAD c:/winavr/bin/../lib/gcc/avr/4.3.0/avr5\libgcc.a
LOAD c:/winavr/bin/../lib/gcc/avr/4.3.0/../../../../avr/lib/avr5\libc.a
LOAD c:/winavr/bin/../lib/gcc/avr/4.3.0/avr5\libgcc.a

.hash
 *(.hash)

.dynsym
 *(.dynsym)

.dynstr
 *(.dynstr)

.gnu.version
 *(.gnu.version)

.gnu.version_d
 *(.gnu.version_d)

.gnu.version_r
 *(.gnu.version_r)

.rel.init
 *(.rel.init)

.rela.init
 *(.rela.init)

.rel.text
 *(.rel.text)
 *(.rel.text.*)
 *(.rel.gnu.linkonce.t*)

.rela.text
 *(.rela.text)
 *(.rela.text.*)
 *(.rela.gnu.linkonce.t*)

.rel.fini
 *(.rel.fini)

.rela.fini
 *(.rela.fini)

.rel.rodata
 *(.rel.rodata)
 *(.rel.rodata.*)
 *(.rel.gnu.linkonce.r*)

.rela.rodata
 *(.rela.rodata)
 *(.rela.rodata.*)
 *(.rela.gnu.linkonce.r*)

.rel.data
 *(.rel.data)
 *(.rel.data.*)
 *(.rel.gnu.linkonce.d*)

.rela.data
 *(.rela.data)
 *(.rela.data.*)
 *(.rela.gnu.linkonce.d*)

.rel.ctors
 *(.rel.ctors)

.rela.ctors
 *(.rela.ctors)

.rel.dtors
 *(.rel.dtors)

.rela.dtors
 *(.rela.dtors)

.rel.got
 *(.rel.got)

.rela.got
 *(.rela.got)

.rel.bss
 *(.rel.bss)

.rela.bss
 *(.rela.bss)

.rel.plt
 *(.rel.plt)

.rela.plt
 *(.rela.plt)

.text           0x00000000      0x900
 *(.vectors)
 .vectors       0x00000000       0x68 c:/winavr/bin/../lib/gcc/avr/4.3.0/../../../../avr/lib/avr5/crtm168p.o
                0x00000000                __vectors
                0x00000000                __vector_default
 *(.vectors)
 *(.progmem.gcc*)
 *(.progmem*)
                0x00000068                . = ALIGN (0x2)
                0x00000068                __trampolines_start = .
 *(.trampolines)
 .trampolines   0x00000068        0x0 linker stubs
 *(.trampolines*)
                0x00000068                __trampolines_end = .
 *(.jumptables)
 *(.jumptables*)
 *(.lowtext)
 *(.lowtext*)
                0x00000068                __ctors_start = .
 *(.ctors)
                0x00000068                __ctors_end = .
                0x00000068                __dtors_start = .
 *(.dtors)
                0x00000068                __dtors_end = .
 SORT(*)(.ctors)
 SORT(*)(.dtors)
 *(.init0)
 .init0         0x00000068        0x0 c:/winavr/bin/../lib/gcc/avr/4.3.0/../../../../avr/lib/avr5/crtm168p.o
                0x00000068                __init
 *(.init0)
 *(.init1)
 *(.init1)
 *(.init2)
 .init2         0x00000068        0xc c:/winavr/bin/../lib/gcc/avr/4.3.0/../../../../avr/lib/avr5/crtm168p.o
 *(.init2)
 *(.init3)
 *(.init3)
 *(.init4)
 .init4         0x00000074       0x16 c:/winavr/bin/../lib/gcc/avr/4.3.0/avr5\libgcc.a(_copy_data.o)
                0x00000074                __do_copy_data
 .init4         0x0000008a       0x10 c:/winavr/bin/../lib/gcc/avr/4.3.0/avr5\libgcc.a(_clear_bss.o)
                0x0000008a                __do_clear_bss
 *(.init4)
 *(.init5)
 *(.init5)
 *(.init6)
 *(.init6)
 *(.init7)
 *(.init7)
 *(.init8)
 *(.init8)
 *(.init9)
 .init9         0x0000009a        0x8 c:/winavr/bin/../lib/gcc/avr/4.3.0/../../../../avr/lib/avr5/crtm168p.o
 *(.init9)
 *(.text)
 .text          0x000000a2        0x4 c:/winavr/bin/../lib/gcc/avr/4.3.0/../../../../avr/lib/avr5/crtm168p.o
                0x000000a2                __vector_22
                0x000000a2                __vector_1
                0x000000a2                __vector_24
                0x000000a2                __vector_12
                0x000000a2                __bad_interrupt
                0x000000a2                __vector_6
                0x000000a2                __vector_23
                0x000000a2                __vector_25
                0x000000a2                __vector_11
                0x000000a2                __vector_13
                0x000000a2                __vector_17
                0x000000a2                __vector_19
                0x000000a2                __vector_7
                0x000000a2                __vector_5
                0x000000a2                __vector_4
                0x000000a2                __vector_2
                0x000000a2                __vector_21
                0x000000a2                __vector_15
                0x000000a2                __vector_8
                0x000000a2                __vector_14
                0x000000a2                __vector_10
                0x000000a2                __vector_16
                0x000000a2                __vector_20
 .text          0x000000a6      0x240 main.o
                0x000001ea                __vector_3
                0x000000a6                main
 .text          0x000002e6      0x1f8 ../nbot_lib/uart.o
                0x00000362                uart_puts
                0x0000039c                uart_puts_p
                0x000002e6                uart_init
                0x00000432                uart_getc
                0x00000334                uart_putc
                0x00000466                __vector_18
                0x000003ec                uart_puti
 .text          0x000004de      0x206 ../nbot_lib/fifo.o
                0x00000548                fifo_put
                0x000004de                fifo_init
                0x00000616                fifo_get
 .text          0x000006e4      0x14a ../nbot_lib/timer.o
                0x000006e4                timer2_init
                0x00000744                sleep
                0x000007b0                __vector_9
                0x000006f2                Gettime
                0x0000076e                msleep
 .text          0x0000082e        0x0 c:/winavr/bin/../lib/gcc/avr/4.3.0/avr5\libgcc.a(_udivmodsi4.o)
 .text          0x0000082e        0x0 c:/winavr/bin/../lib/gcc/avr/4.3.0/avr5\libgcc.a(_exit.o)
 .text          0x0000082e        0x0 c:/winavr/bin/../lib/gcc/avr/4.3.0/avr5\libgcc.a(_copy_data.o)
 .text          0x0000082e        0x0 c:/winavr/bin/../lib/gcc/avr/4.3.0/avr5\libgcc.a(_clear_bss.o)
 .text          0x0000082e       0x42 c:/winavr/bin/../lib/gcc/avr/4.3.0/../../../../avr/lib/avr5\libc.a(itoa.o)
                0x0000082e                itoa
 .text          0x00000870       0x20 c:/winavr/bin/../lib/gcc/avr/4.3.0/../../../../avr/lib/avr5\libc.a(strrev.o)
                0x00000870                strrev
 .text          0x00000890        0x0 c:/winavr/bin/../lib/gcc/avr/4.3.0/avr5\libgcc.a(_udivmodhi4.o)
                0x00000890                . = ALIGN (0x2)
 *(.text.*)
 .text.libgcc   0x00000890       0x44 c:/winavr/bin/../lib/gcc/avr/4.3.0/avr5\libgcc.a(_udivmodsi4.o)
                0x00000890                __udivmodsi4
 .text.libgcc   0x000008d4        0x0 c:/winavr/bin/../lib/gcc/avr/4.3.0/avr5\libgcc.a(_exit.o)
 .text.libgcc   0x000008d4        0x0 c:/winavr/bin/../lib/gcc/avr/4.3.0/avr5\libgcc.a(_copy_data.o)
 .text.libgcc   0x000008d4        0x0 c:/winavr/bin/../lib/gcc/avr/4.3.0/avr5\libgcc.a(_clear_bss.o)
 .text.libgcc   0x000008d4       0x28 c:/winavr/bin/../lib/gcc/avr/4.3.0/avr5\libgcc.a(_udivmodhi4.o)
                0x000008d4                __udivmodhi4
                0x000008fc                . = ALIGN (0x2)
 *(.fini9)
 .fini9         0x000008fc        0x0 c:/winavr/bin/../lib/gcc/avr/4.3.0/avr5\libgcc.a(_exit.o)
                0x000008fc                exit
                0x000008fc                _exit
 *(.fini9)
 *(.fini8)
 *(.fini8)
 *(.fini7)
 *(.fini7)
 *(.fini6)
 *(.fini6)
 *(.fini5)
 *(.fini5)
 *(.fini4)
 *(.fini4)
 *(.fini3)
 *(.fini3)
 *(.fini2)
 *(.fini2)
 *(.fini1)
 *(.fini1)
 *(.fini0)
 .fini0         0x000008fc        0x4 c:/winavr/bin/../lib/gcc/avr/4.3.0/avr5\libgcc.a(_exit.o)
 *(.fini0)
                0x00000900                _etext = .

.data           0x00800100       0x90 load address 0x00000900
                0x00800100                PROVIDE (__data_start, .)
 *(.data)
 .data          0x00800100        0x0 c:/winavr/bin/../lib/gcc/avr/4.3.0/../../../../avr/lib/avr5/crtm168p.o
 .data          0x00800100       0x6e main.o
 .data          0x0080016e       0x22 ../nbot_lib/uart.o
 .data          0x00800190        0x0 ../nbot_lib/fifo.o
 .data          0x00800190        0x0 ../nbot_lib/timer.o
 .data          0x00800190        0x0 c:/winavr/bin/../lib/gcc/avr/4.3.0/avr5\libgcc.a(_udivmodsi4.o)
 .data          0x00800190        0x0 c:/winavr/bin/../lib/gcc/avr/4.3.0/avr5\libgcc.a(_exit.o)
 .data          0x00800190        0x0 c:/winavr/bin/../lib/gcc/avr/4.3.0/avr5\libgcc.a(_copy_data.o)
 .data          0x00800190        0x0 c:/winavr/bin/../lib/gcc/avr/4.3.0/avr5\libgcc.a(_clear_bss.o)
 .data          0x00800190        0x0 c:/winavr/bin/../lib/gcc/avr/4.3.0/../../../../avr/lib/avr5\libc.a(itoa.o)
 .data          0x00800190        0x0 c:/winavr/bin/../lib/gcc/avr/4.3.0/../../../../avr/lib/avr5\libc.a(strrev.o)
 .data          0x00800190        0x0 c:/winavr/bin/../lib/gcc/avr/4.3.0/avr5\libgcc.a(_udivmodhi4.o)
 *(.data*)
 *(.rodata)
 *(.rodata*)
 *(.gnu.linkonce.d*)
                0x00800190                . = ALIGN (0x2)
                0x00800190                _edata = .
                0x00800190                PROVIDE (__data_end, .)

.bss            0x00800190       0x1c load address 0x00000990
                0x00800190                PROVIDE (__bss_start, .)
 *(.bss)
 .bss           0x00800190        0x0 c:/winavr/bin/../lib/gcc/avr/4.3.0/../../../../avr/lib/avr5/crtm168p.o
 .bss           0x00800190        0x1 main.o
 .bss           0x00800191        0x0 ../nbot_lib/uart.o
 .bss           0x00800191        0x0 ../nbot_lib/fifo.o
 .bss           0x00800191        0x0 ../nbot_lib/timer.o
 .bss           0x00800191        0x0 c:/winavr/bin/../lib/gcc/avr/4.3.0/avr5\libgcc.a(_udivmodsi4.o)
 .bss           0x00800191        0x0 c:/winavr/bin/../lib/gcc/avr/4.3.0/avr5\libgcc.a(_exit.o)
 .bss           0x00800191        0x0 c:/winavr/bin/../lib/gcc/avr/4.3.0/avr5\libgcc.a(_copy_data.o)
 .bss           0x00800191        0x0 c:/winavr/bin/../lib/gcc/avr/4.3.0/avr5\libgcc.a(_clear_bss.o)
 .bss           0x00800191        0x0 c:/winavr/bin/../lib/gcc/avr/4.3.0/../../../../avr/lib/avr5\libc.a(itoa.o)
 .bss           0x00800191        0x0 c:/winavr/bin/../lib/gcc/avr/4.3.0/../../../../avr/lib/avr5\libc.a(strrev.o)
 .bss           0x00800191        0x0 c:/winavr/bin/../lib/gcc/avr/4.3.0/avr5\libgcc.a(_udivmodhi4.o)
 *(.bss*)
 *(COMMON)
 COMMON         0x00800191        0x9 main.o
                0x00800191                lCounter
                0x00800195                count36kHz
                0x00800196                timebase
 COMMON         0x0080019a       0x12 ../nbot_lib/uart.o
                0x0080019a                inbuf
                0x008001a4                infifo
                0x008001ac                PROVIDE (__bss_end, .)
                0x00000900                __data_load_start = LOADADDR (.data)
                0x00000990                __data_load_end = (__data_load_start + SIZEOF (.data))

.noinit         0x008001ac        0x0
                0x008001ac                PROVIDE (__noinit_start, .)
 *(.noinit*)
                0x008001ac                PROVIDE (__noinit_end, .)
                0x008001ac                _end = .
                0x008001ac                PROVIDE (__heap_start, .)

.eeprom         0x00810000        0x0
 *(.eeprom*)
                0x00810000                __eeprom_end = .

.fuse
 *(.fuse)
 *(.lfuse)
 *(.hfuse)
 *(.efuse)

.lock
 *(.lock*)

.signature
 *(.signature*)

.stab
 *(.stab)

.stabstr
 *(.stabstr)

.stab.excl
 *(.stab.excl)

.stab.exclstr
 *(.stab.exclstr)

.stab.index
 *(.stab.index)

.stab.indexstr
 *(.stab.indexstr)

.comment
 *(.comment)

.debug
 *(.debug)

.line
 *(.line)

.debug_srcinfo
 *(.debug_srcinfo)

.debug_sfnames
 *(.debug_sfnames)

.debug_aranges  0x00000000       0x80
 *(.debug_aranges)
 .debug_aranges
                0x00000000       0x20 main.o
 .debug_aranges
                0x00000020       0x20 ../nbot_lib/uart.o
 .debug_aranges
                0x00000040       0x20 ../nbot_lib/fifo.o
 .debug_aranges
                0x00000060       0x20 ../nbot_lib/timer.o

.debug_pubnames
                0x00000000      0x188
 *(.debug_pubnames)
 .debug_pubnames
                0x00000000       0x53 main.o
 .debug_pubnames
                0x00000053       0x8d ../nbot_lib/uart.o
 .debug_pubnames
                0x000000e0       0x3a ../nbot_lib/fifo.o
 .debug_pubnames
                0x0000011a       0x6e ../nbot_lib/timer.o

.debug_info     0x00000000      0x788
 *(.debug_info)
 .debug_info    0x00000000      0x1d3 main.o
 .debug_info    0x000001d3      0x29b ../nbot_lib/uart.o
 .debug_info    0x0000046e      0x1e6 ../nbot_lib/fifo.o
 .debug_info    0x00000654      0x134 ../nbot_lib/timer.o
 *(.gnu.linkonce.wi.*)

.debug_abbrev   0x00000000      0x3a9
 *(.debug_abbrev)
 .debug_abbrev  0x00000000       0xf9 main.o
 .debug_abbrev  0x000000f9      0x120 ../nbot_lib/uart.o
 .debug_abbrev  0x00000219       0xde ../nbot_lib/fifo.o
 .debug_abbrev  0x000002f7       0xb2 ../nbot_lib/timer.o

.debug_line     0x00000000      0x62f
 *(.debug_line)
 .debug_line    0x00000000      0x1ba main.o
 .debug_line    0x000001ba      0x1b1 ../nbot_lib/uart.o
 .debug_line    0x0000036b      0x1c1 ../nbot_lib/fifo.o
 .debug_line    0x0000052c      0x103 ../nbot_lib/timer.o

.debug_frame    0x00000000      0x150
 *(.debug_frame)
 .debug_frame   0x00000000       0x30 main.o
 .debug_frame   0x00000030       0x80 ../nbot_lib/uart.o
 .debug_frame   0x000000b0       0x40 ../nbot_lib/fifo.o
 .debug_frame   0x000000f0       0x60 ../nbot_lib/timer.o

.debug_str      0x00000000      0x233
 *(.debug_str)
 .debug_str     0x00000000       0xe0 main.o
                                0x12d (size before relaxing)
 .debug_str     0x000000e0       0xd0 ../nbot_lib/uart.o
                                0x179 (size before relaxing)
 .debug_str     0x000001b0       0x34 ../nbot_lib/fifo.o
                                0x107 (size before relaxing)
 .debug_str     0x000001e4       0x4f ../nbot_lib/timer.o
                                 0xf6 (size before relaxing)

.debug_loc
 *(.debug_loc)

.debug_macinfo
 *(.debug_macinfo)
OUTPUT(main.elf elf32-avr)
LOAD linker stubs

Cross Reference Table

Symbol                                            File
Gettime                                           ../nbot_lib/timer.o
                                                  main.o
__bad_interrupt                                   c:/winavr/bin/../lib/gcc/avr/4.3.0/../../../../avr/lib/avr5/crtm168p.o
__bss_end                                         c:/winavr/bin/../lib/gcc/avr/4.3.0/avr5\libgcc.a(_clear_bss.o)
__bss_start                                       c:/winavr/bin/../lib/gcc/avr/4.3.0/avr5\libgcc.a(_clear_bss.o)
__data_end                                        c:/winavr/bin/../lib/gcc/avr/4.3.0/avr5\libgcc.a(_copy_data.o)
__data_load_start                                 c:/winavr/bin/../lib/gcc/avr/4.3.0/avr5\libgcc.a(_copy_data.o)
__data_start                                      c:/winavr/bin/../lib/gcc/avr/4.3.0/avr5\libgcc.a(_copy_data.o)
__do_clear_bss                                    c:/winavr/bin/../lib/gcc/avr/4.3.0/avr5\libgcc.a(_clear_bss.o)
                                                  ../nbot_lib/timer.o
                                                  ../nbot_lib/fifo.o
                                                  ../nbot_lib/uart.o
                                                  main.o
__do_copy_data                                    c:/winavr/bin/../lib/gcc/avr/4.3.0/avr5\libgcc.a(_copy_data.o)
                                                  ../nbot_lib/timer.o
                                                  ../nbot_lib/fifo.o
                                                  ../nbot_lib/uart.o
                                                  main.o
__heap_end                                        c:/winavr/bin/../lib/gcc/avr/4.3.0/../../../../avr/lib/avr5/crtm168p.o
__init                                            c:/winavr/bin/../lib/gcc/avr/4.3.0/../../../../avr/lib/avr5/crtm168p.o
__stack                                           c:/winavr/bin/../lib/gcc/avr/4.3.0/../../../../avr/lib/avr5/crtm168p.o
__udivmodhi4                                      c:/winavr/bin/../lib/gcc/avr/4.3.0/avr5\libgcc.a(_udivmodhi4.o)
                                                  c:/winavr/bin/../lib/gcc/avr/4.3.0/../../../../avr/lib/avr5\libc.a(itoa.o)
__udivmodsi4                                      c:/winavr/bin/../lib/gcc/avr/4.3.0/avr5\libgcc.a(_udivmodsi4.o)
                                                  ../nbot_lib/timer.o
__vector_1                                        c:/winavr/bin/../lib/gcc/avr/4.3.0/../../../../avr/lib/avr5/crtm168p.o
__vector_10                                       c:/winavr/bin/../lib/gcc/avr/4.3.0/../../../../avr/lib/avr5/crtm168p.o
__vector_11                                       c:/winavr/bin/../lib/gcc/avr/4.3.0/../../../../avr/lib/avr5/crtm168p.o
__vector_12                                       c:/winavr/bin/../lib/gcc/avr/4.3.0/../../../../avr/lib/avr5/crtm168p.o
__vector_13                                       c:/winavr/bin/../lib/gcc/avr/4.3.0/../../../../avr/lib/avr5/crtm168p.o
__vector_14                                       c:/winavr/bin/../lib/gcc/avr/4.3.0/../../../../avr/lib/avr5/crtm168p.o
__vector_15                                       c:/winavr/bin/../lib/gcc/avr/4.3.0/../../../../avr/lib/avr5/crtm168p.o
__vector_16                                       c:/winavr/bin/../lib/gcc/avr/4.3.0/../../../../avr/lib/avr5/crtm168p.o
__vector_17                                       c:/winavr/bin/../lib/gcc/avr/4.3.0/../../../../avr/lib/avr5/crtm168p.o
__vector_18                                       ../nbot_lib/uart.o
                                                  c:/winavr/bin/../lib/gcc/avr/4.3.0/../../../../avr/lib/avr5/crtm168p.o
__vector_19                                       c:/winavr/bin/../lib/gcc/avr/4.3.0/../../../../avr/lib/avr5/crtm168p.o
__vector_2                                        c:/winavr/bin/../lib/gcc/avr/4.3.0/../../../../avr/lib/avr5/crtm168p.o
__vector_20                                       c:/winavr/bin/../lib/gcc/avr/4.3.0/../../../../avr/lib/avr5/crtm168p.o
__vector_21                                       c:/winavr/bin/../lib/gcc/avr/4.3.0/../../../../avr/lib/avr5/crtm168p.o
__vector_22                                       c:/winavr/bin/../lib/gcc/avr/4.3.0/../../../../avr/lib/avr5/crtm168p.o
__vector_23                                       c:/winavr/bin/../lib/gcc/avr/4.3.0/../../../../avr/lib/avr5/crtm168p.o
__vector_24                                       c:/winavr/bin/../lib/gcc/avr/4.3.0/../../../../avr/lib/avr5/crtm168p.o
__vector_25                                       c:/winavr/bin/../lib/gcc/avr/4.3.0/../../../../avr/lib/avr5/crtm168p.o
__vector_3                                        main.o
                                                  c:/winavr/bin/../lib/gcc/avr/4.3.0/../../../../avr/lib/avr5/crtm168p.o
__vector_4                                        c:/winavr/bin/../lib/gcc/avr/4.3.0/../../../../avr/lib/avr5/crtm168p.o
__vector_5                                        c:/winavr/bin/../lib/gcc/avr/4.3.0/../../../../avr/lib/avr5/crtm168p.o
__vector_6                                        c:/winavr/bin/../lib/gcc/avr/4.3.0/../../../../avr/lib/avr5/crtm168p.o
__vector_7                                        c:/winavr/bin/../lib/gcc/avr/4.3.0/../../../../avr/lib/avr5/crtm168p.o
__vector_8                                        c:/winavr/bin/../lib/gcc/avr/4.3.0/../../../../avr/lib/avr5/crtm168p.o
__vector_9                                        ../nbot_lib/timer.o
                                                  c:/winavr/bin/../lib/gcc/avr/4.3.0/../../../../avr/lib/avr5/crtm168p.o
__vector_default                                  c:/winavr/bin/../lib/gcc/avr/4.3.0/../../../../avr/lib/avr5/crtm168p.o
__vectors                                         c:/winavr/bin/../lib/gcc/avr/4.3.0/../../../../avr/lib/avr5/crtm168p.o
_exit                                             c:/winavr/bin/../lib/gcc/avr/4.3.0/avr5\libgcc.a(_exit.o)
count36kHz                                        ../nbot_lib/timer.o
                                                  main.o
exit                                              c:/winavr/bin/../lib/gcc/avr/4.3.0/avr5\libgcc.a(_exit.o)
                                                  c:/winavr/bin/../lib/gcc/avr/4.3.0/../../../../avr/lib/avr5/crtm168p.o
fifo_get                                          ../nbot_lib/fifo.o
                                                  ../nbot_lib/uart.o
fifo_init                                         ../nbot_lib/fifo.o
                                                  ../nbot_lib/uart.o
fifo_put                                          ../nbot_lib/fifo.o
                                                  ../nbot_lib/uart.o
inbuf                                             ../nbot_lib/uart.o
infifo                                            ../nbot_lib/uart.o
itoa                                              c:/winavr/bin/../lib/gcc/avr/4.3.0/../../../../avr/lib/avr5\libc.a(itoa.o)
                                                  ../nbot_lib/uart.o
lCounter                                          main.o
main                                              main.o
                                                  c:/winavr/bin/../lib/gcc/avr/4.3.0/../../../../avr/lib/avr5/crtm168p.o
msleep                                            ../nbot_lib/timer.o
sleep                                             ../nbot_lib/timer.o
strrev                                            c:/winavr/bin/../lib/gcc/avr/4.3.0/../../../../avr/lib/avr5\libc.a(strrev.o)
                                                  c:/winavr/bin/../lib/gcc/avr/4.3.0/../../../../avr/lib/avr5\libc.a(itoa.o)
timebase                                          ../nbot_lib/timer.o
                                                  main.o
timer2_init                                       ../nbot_lib/timer.o
uart_getc                                         ../nbot_lib/uart.o
uart_init                                         ../nbot_lib/uart.o
uart_putc                                         ../nbot_lib/uart.o
                                                  main.o
uart_puti                                         ../nbot_lib/uart.o
                                                  main.o
uart_puts                                         ../nbot_lib/uart.o
                                                  main.o
uart_puts_p                                       ../nbot_lib/uart.o
