Archive member included because of file (symbol)

C:/WinAVR/lib/gcc/avr/3.4.5/avr5\libgcc.a(_mulsi3.o)
                              main.o (__mulsi3)
C:/WinAVR/lib/gcc/avr/3.4.5/avr5\libgcc.a(_udivmodhi4.o)
                              motor.o (__udivmodhi4)
C:/WinAVR/lib/gcc/avr/3.4.5/avr5\libgcc.a(_udivmodsi4.o)
                              motor.o (__udivmodsi4)
C:/WinAVR/lib/gcc/avr/3.4.5/avr5\libgcc.a(_divmodsi4.o)
                              main.o (__divmodsi4)
C:/WinAVR/lib/gcc/avr/3.4.5/avr5\libgcc.a(_copy_data.o)
                              main.o (__do_copy_data)
C:/WinAVR/lib/gcc/avr/3.4.5/avr5\libgcc.a(_clear_bss.o)
                              main.o (__do_clear_bss)
C:/WinAVR/bin/../lib/gcc/avr/3.4.5/../../../../avr/lib/avr5\libc.a(itoa.o)
                              main.o (itoa)
C:/WinAVR/bin/../lib/gcc/avr/3.4.5/../../../../avr/lib/avr5\libc.a(ltoa.o)
                              main.o (ltoa)
C:/WinAVR/bin/../lib/gcc/avr/3.4.5/../../../../avr/lib/avr5\libc.a(utoa.o)
                              main.o (utoa)
C:/WinAVR/bin/../lib/gcc/avr/3.4.5/../../../../avr/lib/avr5\libc.a(strrev.o)
                              C:/WinAVR/bin/../lib/gcc/avr/3.4.5/../../../../avr/lib/avr5\libc.a(itoa.o) (strrev)

Allocating common symbols
Common symbol       size              file

ealt_drehzahl_rechts
                    0x4               motor.o
m0                  0x2               motor.o
sollstrom_rechts    0x2               main.o
counter_alt         0x2               motor.o
m4                  0x2               motor.o
m2                  0x2               motor.o
m6                  0x2               motor.o
timer0_counter_D1   0x1               main.o
time_delta          0x2               motor.o
is_not_moving_rechts
                    0x1               motor.o
key_rpt             0x1               taste.o
m8                  0x2               motor.o
timer0_counter      0x1               main.o
esum_strom_rechts   0x4               motor.o
m5                  0x2               motor.o
esum_drehzahl_rechts
                    0x4               motor.o
m1                  0x2               motor.o
key_press           0x1               taste.o
motor_rechts_sollstrom
                    0x2               motor.o
counter_neu         0x2               motor.o
m3                  0x2               motor.o
d1_error            0x1               main.o
key_state           0x1               taste.o
m9                  0x2               motor.o
drehzahl_rechts     0x2               motor.o
m7                  0x2               motor.o

Memory Configuration

Name             Origin             Length             Attributes
text             0x00000000         0x00020000         xr
data             0x00800060         0x0000ffa0         rw !x
eeprom           0x00810000         0x00010000         rw !x
*default*        0x00000000         0xffffffff

Linker script and memory map

LOAD C:/WinAVR/bin/../lib/gcc/avr/3.4.5/../../../../avr/lib/avr5/crtm16.o
LOAD main.o
LOAD motor.o
LOAD timer0.o
LOAD taste.o
LOAD uart.o
LOAD adwandler.o
LOAD C:/WinAVR/bin/../lib/gcc/avr/3.4.5/../../../../avr/lib/avr5\libm.a
LOAD C:/WinAVR/lib/gcc/avr/3.4.5/avr5\libgcc.a
LOAD C:/WinAVR/bin/../lib/gcc/avr/3.4.5/../../../../avr/lib/avr5\libc.a
LOAD C:/WinAVR/lib/gcc/avr/3.4.5/avr5\libgcc.a

.hash
 *(.hash)

.dynsym
 *(.dynsym)

.dynstr
 *(.dynstr)

.gnu.version
 *(.gnu.version)

.gnu.version_d
 *(.gnu.version_d)

.gnu.version_r
 *(.gnu.version_r)

.rel.init
 *(.rel.init)

.rela.init
 *(.rela.init)

.rel.text
 *(.rel.text)
 *(.rel.text.*)
 *(.rel.gnu.linkonce.t*)

.rela.text
 *(.rela.text)
 *(.rela.text.*)
 *(.rela.gnu.linkonce.t*)

.rel.fini
 *(.rel.fini)

.rela.fini
 *(.rela.fini)

.rel.rodata
 *(.rel.rodata)
 *(.rel.rodata.*)
 *(.rel.gnu.linkonce.r*)

.rela.rodata
 *(.rela.rodata)
 *(.rela.rodata.*)
 *(.rela.gnu.linkonce.r*)

.rel.data
 *(.rel.data)
 *(.rel.data.*)
 *(.rel.gnu.linkonce.d*)

.rela.data
 *(.rela.data)
 *(.rela.data.*)
 *(.rela.gnu.linkonce.d*)

.rel.ctors
 *(.rel.ctors)

.rela.ctors
 *(.rela.ctors)

.rel.dtors
 *(.rel.dtors)

.rela.dtors
 *(.rela.dtors)

.rel.got
 *(.rel.got)

.rela.got
 *(.rela.got)

.rel.bss
 *(.rel.bss)

.rela.bss
 *(.rela.bss)

.rel.plt
 *(.rel.plt)

.rela.plt
 *(.rela.plt)

.text           0x00000000      0xfca
 *(.vectors)
 .vectors       0x00000000       0x54 C:/WinAVR/bin/../lib/gcc/avr/3.4.5/../../../../avr/lib/avr5/crtm16.o
                0x00000000                __vectors
                0x00000000                __vector_default
                0x00000054                __ctors_start = .
 *(.ctors)
                0x00000054                __ctors_end = .
                0x00000054                __dtors_start = .
 *(.dtors)
                0x00000054                __dtors_end = .
 *(.progmem.gcc*)
 *(.progmem*)
                0x00000054                . = ALIGN (0x2)
 *(.init0)
 *(.init1)
 *(.init2)
 .init2         0x00000054        0xc C:/WinAVR/bin/../lib/gcc/avr/3.4.5/../../../../avr/lib/avr5/crtm16.o
 *(.init3)
 *(.init4)
 .init4         0x00000060       0x16 C:/WinAVR/lib/gcc/avr/3.4.5/avr5\libgcc.a(_copy_data.o)
                0x00000060                __do_copy_data
 .init4         0x00000076       0x10 C:/WinAVR/lib/gcc/avr/3.4.5/avr5\libgcc.a(_clear_bss.o)
                0x00000076                __do_clear_bss
 *(.init5)
 *(.init6)
 *(.init7)
 *(.init8)
 *(.init9)
 .init9         0x00000086        0x4 C:/WinAVR/bin/../lib/gcc/avr/3.4.5/../../../../avr/lib/avr5/crtm16.o
 *(.text)
 .text          0x0000008a        0x4 C:/WinAVR/bin/../lib/gcc/avr/3.4.5/../../../../avr/lib/avr5/crtm16.o
                0x0000008a                __vector_12
                0x0000008a                __bad_interrupt
                0x0000008a                __vector_6
                0x0000008a                __vector_3
                0x0000008a                __vector_13
                0x0000008a                __vector_17
                0x0000008a                __vector_19
                0x0000008a                __vector_7
                0x0000008a                __vector_5
                0x0000008a                __vector_4
                0x0000008a                __vector_2
                0x0000008a                __vector_15
                0x0000008a                __vector_8
                0x0000008a                __vector_14
                0x0000008a                __vector_10
                0x0000008a                __vector_16
                0x0000008a                __vector_18
                0x0000008a                __vector_20
 .text          0x0000008e      0x344 main.o
                0x0000008e                main
 .text          0x000003d2      0x7b2 motor.o
                0x000004e4                motor_r
                0x00000abc                __vector_1
                0x0000065e                stromreglung_rechts
                0x000003d2                motor_init
                0x000004bc                motor_l
                0x000007d8                drehzahlregelung_rechts
                0x0000050c                get_Motorstrom
                0x00000530                get_Motordrehzahl
 .text          0x00000b84       0xb0 timer0.o
                0x00000b84                timer0_init
                0x00000b9e                __vector_9
 .text          0x00000c34       0xc0 taste.o
                0x00000c34                taste_init
                0x00000cd8                get_key_rpt
                0x00000cbc                get_key_press
                0x00000c42                tasten
 .text          0x00000cf4       0xb6 uart.o
                0x00000cfc                uart_puts
                0x00000d8a                __vector_11
                0x00000d10                uart_init
                0x00000cf4                uart_putc
                0x00000d38                uart_puti
 .text          0x00000daa       0x4a adwandler.o
                0x00000daa                get_adc
 .text          0x00000df4       0x42 C:/WinAVR/bin/../lib/gcc/avr/3.4.5/../../../../avr/lib/avr5\libc.a(itoa.o)
                0x00000df4                itoa
 .text          0x00000e36       0x68 C:/WinAVR/bin/../lib/gcc/avr/3.4.5/../../../../avr/lib/avr5\libc.a(ltoa.o)
                0x00000e36                ltoa
 .text          0x00000e9e       0x2c C:/WinAVR/bin/../lib/gcc/avr/3.4.5/../../../../avr/lib/avr5\libc.a(utoa.o)
                0x00000e9e                utoa
 .text          0x00000eca       0x20 C:/WinAVR/bin/../lib/gcc/avr/3.4.5/../../../../avr/lib/avr5\libc.a(strrev.o)
                0x00000eca                strrev
                0x00000eea                . = ALIGN (0x2)
 *(.text.*)
 .text.libgcc   0x00000eea       0x3e C:/WinAVR/lib/gcc/avr/3.4.5/avr5\libgcc.a(_mulsi3.o)
                0x00000eea                __mulsi3
 .text.libgcc   0x00000f28       0x28 C:/WinAVR/lib/gcc/avr/3.4.5/avr5\libgcc.a(_udivmodhi4.o)
                0x00000f28                __udivmodhi4
 .text.libgcc   0x00000f50       0x44 C:/WinAVR/lib/gcc/avr/3.4.5/avr5\libgcc.a(_udivmodsi4.o)
                0x00000f50                __udivmodsi4
 .text.libgcc   0x00000f94       0x36 C:/WinAVR/lib/gcc/avr/3.4.5/avr5\libgcc.a(_divmodsi4.o)
                0x00000f94                __divmodsi4
                0x00000fca                . = ALIGN (0x2)
 *(.fini9)
 *(.fini8)
 *(.fini7)
 *(.fini6)
 *(.fini5)
 *(.fini4)
 *(.fini3)
 *(.fini2)
 *(.fini1)
 *(.fini0)
                0x00000fca                _etext = .

.data           0x00800060       0x28 load address 0x00000fca
                0x00800060                PROVIDE (__data_start, .)
 *(.data)
 .data          0x00800060        0x5 main.o
 .data          0x00800065       0x22 uart.o
 *(.gnu.linkonce.d*)
                0x00800088                . = ALIGN (0x2)
 *fill*         0x00800087        0x1 00
                0x00800088                _edata = .
                0x00800088                PROVIDE (__data_end, .)

.bss            0x00800088       0x36
                0x00800088                PROVIDE (__bss_start, .)
 *(.bss)
 .bss           0x00800088        0x3 taste.o
 *(COMMON)
 COMMON         0x0080008b        0x5 main.o
                0x0080008b                sollstrom_rechts
                0x0080008d                timer0_counter_D1
                0x0080008e                timer0_counter
                0x0080008f                d1_error
 COMMON         0x00800090       0x2b motor.o
                0x00800090                ealt_drehzahl_rechts
                0x00800094                m0
                0x00800096                counter_alt
                0x00800098                m4
                0x0080009a                m2
                0x0080009c                m6
                0x0080009e                time_delta
                0x008000a0                is_not_moving_rechts
                0x008000a1                m8
                0x008000a3                esum_strom_rechts
                0x008000a7                m5
                0x008000a9                esum_drehzahl_rechts
                0x008000ad                m1
                0x008000af                motor_rechts_sollstrom
                0x008000b1                counter_neu
                0x008000b3                m3
                0x008000b5                m9
                0x008000b7                drehzahl_rechts
                0x008000b9                m7
 COMMON         0x008000bb        0x3 taste.o
                0x008000bb                key_rpt
                0x008000bc                key_press
                0x008000bd                key_state
                0x008000be                PROVIDE (__bss_end, .)
                0x00000fca                __data_load_start = LOADADDR (.data)
                0x00000ff2                __data_load_end = (__data_load_start + SIZEOF (.data))

.noinit         0x008000be        0x0
                0x008000be                PROVIDE (__noinit_start, .)
 *(.noinit*)
                0x008000be                PROVIDE (__noinit_end, .)
                0x008000be                _end = .
                0x008000be                PROVIDE (__heap_start, .)

.eeprom         0x00810000        0x0
 *(.eeprom*)
                0x00810000                __eeprom_end = .

.stab           0x00000000      0x36c
 *(.stab)
 .stab          0x00000000      0x36c C:/WinAVR/bin/../lib/gcc/avr/3.4.5/../../../../avr/lib/avr5/crtm16.o

.stabstr        0x00000000       0x84
 *(.stabstr)
 .stabstr       0x00000000       0x84 C:/WinAVR/bin/../lib/gcc/avr/3.4.5/../../../../avr/lib/avr5/crtm16.o

.stab.excl
 *(.stab.excl)

.stab.exclstr
 *(.stab.exclstr)

.stab.index
 *(.stab.index)

.stab.indexstr
 *(.stab.indexstr)

.comment
 *(.comment)

.debug
 *(.debug)

.line
 *(.line)

.debug_srcinfo
 *(.debug_srcinfo)

.debug_sfnames
 *(.debug_sfnames)

.debug_aranges  0x00000000       0x78
 *(.debug_aranges)
 .debug_aranges
                0x00000000       0x14 main.o
 .debug_aranges
                0x00000014       0x14 motor.o
 .debug_aranges
                0x00000028       0x14 timer0.o
 .debug_aranges
                0x0000003c       0x14 taste.o
 .debug_aranges
                0x00000050       0x14 uart.o
 .debug_aranges
                0x00000064       0x14 adwandler.o

.debug_pubnames
                0x00000000      0x3b0
 *(.debug_pubnames)
 .debug_pubnames
                0x00000000       0x66 main.o
 .debug_pubnames
                0x00000066      0x1f5 motor.o
 .debug_pubnames
                0x0000025b       0x67 timer0.o
 .debug_pubnames
                0x000002c2       0x76 taste.o
 .debug_pubnames
                0x00000338       0x5a uart.o
 .debug_pubnames
                0x00000392       0x1e adwandler.o

.debug_info     0x00000000      0xbe2
 *(.debug_info)
 .debug_info    0x00000000      0x29c main.o
 .debug_info    0x0000029c      0x48f motor.o
 .debug_info    0x0000072b       0xc6 timer0.o
 .debug_info    0x000007f1      0x157 taste.o
 .debug_info    0x00000948      0x1d4 uart.o
 .debug_info    0x00000b1c       0xc6 adwandler.o
 *(.gnu.linkonce.wi.*)

.debug_abbrev   0x00000000      0x505
 *(.debug_abbrev)
 .debug_abbrev  0x00000000      0x10f main.o
 .debug_abbrev  0x0000010f      0x178 motor.o
 .debug_abbrev  0x00000287       0x64 timer0.o
 .debug_abbrev  0x000002eb       0xa5 taste.o
 .debug_abbrev  0x00000390       0xfa uart.o
 .debug_abbrev  0x0000048a       0x7b adwandler.o

.debug_line     0x00000000      0xaac
 *(.debug_line)
 .debug_line    0x00000000      0x294 main.o
 .debug_line    0x00000294      0x3c9 motor.o
 .debug_line    0x0000065d       0xec timer0.o
 .debug_line    0x00000749      0x121 taste.o
 .debug_line    0x0000086a      0x16b uart.o
 .debug_line    0x000009d5       0xd7 adwandler.o

.debug_frame
 *(.debug_frame)

.debug_str      0x00000000      0x364
 *(.debug_str)
 .debug_str     0x00000000      0x157 main.o
                                0x1af (size before relaxing)
 .debug_str     0x00000157      0x148 motor.o
                                0x26e (size before relaxing)
 .debug_str     0x0000029f       0x20 timer0.o
                                0x10c (size before relaxing)
 .debug_str     0x000002bf       0x47 taste.o
                                0x118 (size before relaxing)
 .debug_str     0x00000306       0x3b uart.o
                                0x109 (size before relaxing)
 .debug_str     0x00000341       0x23 adwandler.o
                                 0xf7 (size before relaxing)

.debug_loc
 *(.debug_loc)

.debug_macinfo
 *(.debug_macinfo)
OUTPUT(main.elf elf32-avr)

.debug_ranges   0x00000fca        0xc
 .debug_ranges  0x00000fca        0xc motor.o

Cross Reference Table

Symbol                                            File
__bad_interrupt                                   C:/WinAVR/bin/../lib/gcc/avr/3.4.5/../../../../avr/lib/avr5/crtm16.o
__bss_end                                         C:/WinAVR/lib/gcc/avr/3.4.5/avr5\libgcc.a(_clear_bss.o)
__bss_start                                       C:/WinAVR/lib/gcc/avr/3.4.5/avr5\libgcc.a(_clear_bss.o)
__data_end                                        C:/WinAVR/lib/gcc/avr/3.4.5/avr5\libgcc.a(_copy_data.o)
__data_load_start                                 C:/WinAVR/lib/gcc/avr/3.4.5/avr5\libgcc.a(_copy_data.o)
__data_start                                      C:/WinAVR/lib/gcc/avr/3.4.5/avr5\libgcc.a(_copy_data.o)
__divmodsi4                                       C:/WinAVR/lib/gcc/avr/3.4.5/avr5\libgcc.a(_divmodsi4.o)
                                                  motor.o
                                                  main.o
__do_clear_bss                                    C:/WinAVR/lib/gcc/avr/3.4.5/avr5\libgcc.a(_clear_bss.o)
                                                  adwandler.o
                                                  uart.o
                                                  taste.o
                                                  timer0.o
                                                  motor.o
                                                  main.o
__do_copy_data                                    C:/WinAVR/lib/gcc/avr/3.4.5/avr5\libgcc.a(_copy_data.o)
                                                  adwandler.o
                                                  uart.o
                                                  taste.o
                                                  timer0.o
                                                  motor.o
                                                  main.o
__heap_end                                        C:/WinAVR/bin/../lib/gcc/avr/3.4.5/../../../../avr/lib/avr5/crtm16.o
__init                                            C:/WinAVR/bin/../lib/gcc/avr/3.4.5/../../../../avr/lib/avr5/crtm16.o
__mulsi3                                          C:/WinAVR/lib/gcc/avr/3.4.5/avr5\libgcc.a(_mulsi3.o)
                                                  motor.o
                                                  main.o
__stack                                           C:/WinAVR/bin/../lib/gcc/avr/3.4.5/../../../../avr/lib/avr5/crtm16.o
                                                  main.o
__udivmodhi4                                      C:/WinAVR/lib/gcc/avr/3.4.5/avr5\libgcc.a(_udivmodhi4.o)
                                                  C:/WinAVR/bin/../lib/gcc/avr/3.4.5/../../../../avr/lib/avr5\libc.a(utoa.o)
                                                  C:/WinAVR/bin/../lib/gcc/avr/3.4.5/../../../../avr/lib/avr5\libc.a(itoa.o)
                                                  motor.o
__udivmodsi4                                      C:/WinAVR/lib/gcc/avr/3.4.5/avr5\libgcc.a(_udivmodsi4.o)
                                                  C:/WinAVR/bin/../lib/gcc/avr/3.4.5/../../../../avr/lib/avr5\libc.a(ltoa.o)
                                                  C:/WinAVR/lib/gcc/avr/3.4.5/avr5\libgcc.a(_divmodsi4.o)
                                                  motor.o
__vector_1                                        motor.o
                                                  C:/WinAVR/bin/../lib/gcc/avr/3.4.5/../../../../avr/lib/avr5/crtm16.o
__vector_10                                       C:/WinAVR/bin/../lib/gcc/avr/3.4.5/../../../../avr/lib/avr5/crtm16.o
__vector_11                                       uart.o
                                                  C:/WinAVR/bin/../lib/gcc/avr/3.4.5/../../../../avr/lib/avr5/crtm16.o
__vector_12                                       C:/WinAVR/bin/../lib/gcc/avr/3.4.5/../../../../avr/lib/avr5/crtm16.o
__vector_13                                       C:/WinAVR/bin/../lib/gcc/avr/3.4.5/../../../../avr/lib/avr5/crtm16.o
__vector_14                                       C:/WinAVR/bin/../lib/gcc/avr/3.4.5/../../../../avr/lib/avr5/crtm16.o
__vector_15                                       C:/WinAVR/bin/../lib/gcc/avr/3.4.5/../../../../avr/lib/avr5/crtm16.o
__vector_16                                       C:/WinAVR/bin/../lib/gcc/avr/3.4.5/../../../../avr/lib/avr5/crtm16.o
__vector_17                                       C:/WinAVR/bin/../lib/gcc/avr/3.4.5/../../../../avr/lib/avr5/crtm16.o
__vector_18                                       C:/WinAVR/bin/../lib/gcc/avr/3.4.5/../../../../avr/lib/avr5/crtm16.o
__vector_19                                       C:/WinAVR/bin/../lib/gcc/avr/3.4.5/../../../../avr/lib/avr5/crtm16.o
__vector_2                                        C:/WinAVR/bin/../lib/gcc/avr/3.4.5/../../../../avr/lib/avr5/crtm16.o
__vector_20                                       C:/WinAVR/bin/../lib/gcc/avr/3.4.5/../../../../avr/lib/avr5/crtm16.o
__vector_3                                        C:/WinAVR/bin/../lib/gcc/avr/3.4.5/../../../../avr/lib/avr5/crtm16.o
__vector_4                                        C:/WinAVR/bin/../lib/gcc/avr/3.4.5/../../../../avr/lib/avr5/crtm16.o
__vector_5                                        C:/WinAVR/bin/../lib/gcc/avr/3.4.5/../../../../avr/lib/avr5/crtm16.o
__vector_6                                        C:/WinAVR/bin/../lib/gcc/avr/3.4.5/../../../../avr/lib/avr5/crtm16.o
__vector_7                                        C:/WinAVR/bin/../lib/gcc/avr/3.4.5/../../../../avr/lib/avr5/crtm16.o
__vector_8                                        C:/WinAVR/bin/../lib/gcc/avr/3.4.5/../../../../avr/lib/avr5/crtm16.o
__vector_9                                        timer0.o
                                                  C:/WinAVR/bin/../lib/gcc/avr/3.4.5/../../../../avr/lib/avr5/crtm16.o
__vector_default                                  C:/WinAVR/bin/../lib/gcc/avr/3.4.5/../../../../avr/lib/avr5/crtm16.o
__vectors                                         C:/WinAVR/bin/../lib/gcc/avr/3.4.5/../../../../avr/lib/avr5/crtm16.o
counter_alt                                       motor.o
counter_neu                                       motor.o
d1_error                                          timer0.o
                                                  motor.o
                                                  main.o
drehzahl_rechts                                   motor.o
drehzahlregelung_rechts                           motor.o
                                                  main.o
ealt_drehzahl_rechts                              motor.o
esum_drehzahl_rechts                              motor.o
esum_strom_rechts                                 motor.o
get_Motordrehzahl                                 motor.o
                                                  main.o
get_Motorstrom                                    motor.o
                                                  main.o
get_adc                                           adwandler.o
                                                  motor.o
get_key_press                                     taste.o
                                                  main.o
get_key_rpt                                       taste.o
is_not_moving_rechts                              motor.o
itoa                                              C:/WinAVR/bin/../lib/gcc/avr/3.4.5/../../../../avr/lib/avr5\libc.a(itoa.o)
                                                  uart.o
                                                  main.o
key_press                                         taste.o
key_rpt                                           taste.o
key_state                                         taste.o
ltoa                                              C:/WinAVR/bin/../lib/gcc/avr/3.4.5/../../../../avr/lib/avr5\libc.a(ltoa.o)
                                                  main.o
m0                                                motor.o
m1                                                motor.o
m2                                                motor.o
m3                                                motor.o
m4                                                motor.o
m5                                                motor.o
m6                                                motor.o
m7                                                motor.o
m8                                                motor.o
m9                                                motor.o
main                                              main.o
                                                  C:/WinAVR/bin/../lib/gcc/avr/3.4.5/../../../../avr/lib/avr5/crtm16.o
motor_init                                        motor.o
                                                  main.o
motor_l                                           motor.o
                                                  main.o
motor_r                                           motor.o
                                                  main.o
motor_rechts_sollstrom                            motor.o
sollstrom_rechts                                  motor.o
                                                  main.o
stromreglung_rechts                               motor.o
strrev                                            C:/WinAVR/bin/../lib/gcc/avr/3.4.5/../../../../avr/lib/avr5\libc.a(strrev.o)
                                                  C:/WinAVR/bin/../lib/gcc/avr/3.4.5/../../../../avr/lib/avr5\libc.a(utoa.o)
                                                  C:/WinAVR/bin/../lib/gcc/avr/3.4.5/../../../../avr/lib/avr5\libc.a(ltoa.o)
                                                  C:/WinAVR/bin/../lib/gcc/avr/3.4.5/../../../../avr/lib/avr5\libc.a(itoa.o)
taste_init                                        taste.o
                                                  main.o
tasten                                            taste.o
                                                  timer0.o
time_delta                                        motor.o
timer0_counter                                    timer0.o
                                                  motor.o
                                                  main.o
timer0_counter_D1                                 timer0.o
                                                  motor.o
                                                  main.o
timer0_init                                       timer0.o
                                                  main.o
uart_init                                         uart.o
                                                  main.o
uart_putc                                         uart.o
uart_puti                                         uart.o
uart_puts                                         uart.o
                                                  main.o
utoa                                              C:/WinAVR/bin/../lib/gcc/avr/3.4.5/../../../../avr/lib/avr5\libc.a(utoa.o)
                                                  main.o
