Archive member included because of file (symbol)

c:/winavr/bin/../lib/gcc/avr/4.2.2/avr5\libgcc.a(_mulsi3.o)
                              uart.o (__mulsi3)
c:/winavr/bin/../lib/gcc/avr/4.2.2/avr5\libgcc.a(_udivmodsi4.o)
                              uart.o (__udivmodsi4)
c:/winavr/bin/../lib/gcc/avr/4.2.2/avr5\libgcc.a(_exit.o)
                              c:/winavr/bin/../lib/gcc/avr/4.2.2/../../../../avr/lib/avr5/crtm32.o (exit)
c:/winavr/bin/../lib/gcc/avr/4.2.2/avr5\libgcc.a(_copy_data.o)
                              main.o (__do_copy_data)
c:/winavr/bin/../lib/gcc/avr/4.2.2/avr5\libgcc.a(_clear_bss.o)
                              main.o (__do_clear_bss)
c:/winavr/bin/../lib/gcc/avr/4.2.2/../../../../avr/lib/avr5\libc.a(itoa.o)
                              uart.o (itoa)
c:/winavr/bin/../lib/gcc/avr/4.2.2/../../../../avr/lib/avr5\libc.a(strrev.o)
                              c:/winavr/bin/../lib/gcc/avr/4.2.2/../../../../avr/lib/avr5\libc.a(itoa.o) (strrev)
c:/winavr/bin/../lib/gcc/avr/4.2.2/avr5\libgcc.a(_udivmodhi4.o)
                              c:/winavr/bin/../lib/gcc/avr/4.2.2/../../../../avr/lib/avr5\libc.a(itoa.o) (__udivmodhi4)

Allocating common symbols
Common symbol       size              file

inbuf               0xa               uart.o
toUSBFIFO           0x2               main.o
usb_cdc_line_coding
                    0x7               main.o
toRS232FIFO         0x2               main.o
StringList          0x2               main.o
FinalStringArray    0x2               main.o
RX1Callback         0x2               main.o
infifo              0x8               uart.o
toUSBBuf            0x64              main.o
EP0RXBuf            0x8               main.o
DeviceDescriptor    0x2               main.o
toRS232Buf          0x64              main.o
ConfigurationDescriptor
                    0x2               main.o

Memory Configuration

Name             Origin             Length             Attributes
text             0x00000000         0x00020000         xr
data             0x00800060         0x0000ffa0         rw !x
eeprom           0x00810000         0x00010000         rw !x
fuse             0x00820000         0x00000400         rw !x
lock             0x00830000         0x00000400         rw !x
signature        0x00840000         0x00000400         rw !x
*default*        0x00000000         0xffffffff

Linker script and memory map

LOAD c:/winavr/bin/../lib/gcc/avr/4.2.2/../../../../avr/lib/avr5/crtm32.o
LOAD main.o
LOAD uart.o
LOAD fifo.o
LOAD usbn2mc.o
LOAD c:/winavr/bin/../lib/gcc/avr/4.2.2/../../../../avr/lib/avr5\libm.a
LOAD c:/winavr/bin/../lib/gcc/avr/4.2.2/avr5\libgcc.a
LOAD c:/winavr/bin/../lib/gcc/avr/4.2.2/../../../../avr/lib/avr5\libc.a
LOAD c:/winavr/bin/../lib/gcc/avr/4.2.2/avr5\libgcc.a

.hash
 *(.hash)

.dynsym
 *(.dynsym)

.dynstr
 *(.dynstr)

.gnu.version
 *(.gnu.version)

.gnu.version_d
 *(.gnu.version_d)

.gnu.version_r
 *(.gnu.version_r)

.rel.init
 *(.rel.init)

.rela.init
 *(.rela.init)

.rel.text
 *(.rel.text)
 *(.rel.text.*)
 *(.rel.gnu.linkonce.t*)

.rela.text
 *(.rela.text)
 *(.rela.text.*)
 *(.rela.gnu.linkonce.t*)

.rel.fini
 *(.rel.fini)

.rela.fini
 *(.rela.fini)

.rel.rodata
 *(.rel.rodata)
 *(.rel.rodata.*)
 *(.rel.gnu.linkonce.r*)

.rela.rodata
 *(.rela.rodata)
 *(.rela.rodata.*)
 *(.rela.gnu.linkonce.r*)

.rel.data
 *(.rel.data)
 *(.rel.data.*)
 *(.rel.gnu.linkonce.d*)

.rela.data
 *(.rela.data)
 *(.rela.data.*)
 *(.rela.gnu.linkonce.d*)

.rel.ctors
 *(.rel.ctors)

.rela.ctors
 *(.rela.ctors)

.rel.dtors
 *(.rel.dtors)

.rela.dtors
 *(.rela.dtors)

.rel.got
 *(.rel.got)

.rela.got
 *(.rela.got)

.rel.bss
 *(.rel.bss)

.rela.bss
 *(.rela.bss)

.rel.plt
 *(.rel.plt)

.rela.plt
 *(.rela.plt)

.text           0x00000000      0x924
 *(.vectors)
 .vectors       0x00000000       0x54 c:/winavr/bin/../lib/gcc/avr/4.2.2/../../../../avr/lib/avr5/crtm32.o
                0x00000000                __vectors
                0x00000000                __vector_default
 *(.vectors)
 *(.progmem.gcc*)
 *(.progmem*)
                0x00000054                . = ALIGN (0x2)
                0x00000054                __trampolines_start = .
 *(.trampolines)
 .trampolines   0x00000054        0x0 linker stubs
 *(.trampolines*)
                0x00000054                __trampolines_end = .
 *(.jumptables)
 *(.jumptables*)
 *(.lowtext)
 *(.lowtext*)
                0x00000054                __ctors_start = .
 *(.ctors)
                0x00000054                __ctors_end = .
                0x00000054                __dtors_start = .
 *(.dtors)
                0x00000054                __dtors_end = .
 SORT(*)(.ctors)
 SORT(*)(.dtors)
 *(.init0)
 .init0         0x00000054        0x0 c:/winavr/bin/../lib/gcc/avr/4.2.2/../../../../avr/lib/avr5/crtm32.o
                0x00000054                __init
 *(.init0)
 *(.init1)
 *(.init1)
 *(.init2)
 .init2         0x00000054        0xc c:/winavr/bin/../lib/gcc/avr/4.2.2/../../../../avr/lib/avr5/crtm32.o
 *(.init2)
 *(.init3)
 *(.init3)
 *(.init4)
 .init4         0x00000060       0x16 c:/winavr/bin/../lib/gcc/avr/4.2.2/avr5\libgcc.a(_copy_data.o)
                0x00000060                __do_copy_data
 .init4         0x00000076       0x10 c:/winavr/bin/../lib/gcc/avr/4.2.2/avr5\libgcc.a(_clear_bss.o)
                0x00000076                __do_clear_bss
 *(.init4)
 *(.init5)
 *(.init5)
 *(.init6)
 *(.init6)
 *(.init7)
 *(.init7)
 *(.init8)
 *(.init8)
 *(.init9)
 .init9         0x00000086        0x8 c:/winavr/bin/../lib/gcc/avr/4.2.2/../../../../avr/lib/avr5/crtm32.o
 *(.init9)
 *(.text)
 .text          0x0000008e        0x4 c:/winavr/bin/../lib/gcc/avr/4.2.2/../../../../avr/lib/avr5/crtm32.o
                0x0000008e                __vector_12
                0x0000008e                __bad_interrupt
                0x0000008e                __vector_6
                0x0000008e                __vector_3
                0x0000008e                __vector_11
                0x0000008e                __vector_17
                0x0000008e                __vector_19
                0x0000008e                __vector_7
                0x0000008e                __vector_5
                0x0000008e                __vector_4
                0x0000008e                __vector_9
                0x0000008e                __vector_2
                0x0000008e                __vector_15
                0x0000008e                __vector_8
                0x0000008e                __vector_14
                0x0000008e                __vector_10
                0x0000008e                __vector_16
                0x0000008e                __vector_18
                0x0000008e                __vector_20
 .text          0x00000092      0x274 main.o
                0x0000017a                __vector_1
                0x0000012c                interrupt_ep_send
                0x00000092                USBNInterfaceRequests
                0x000000f8                rs232_send
                0x000001c2                USBNDecodeClassRequest
                0x00000094                main
                0x00000160                USBtoRS232
                0x0000016a                USBNDecodeVendorRequest
 .text          0x00000306      0x3c8 uart.o
                0x0000030e                uart_puts
                0x00000426                uart_puts_p
                0x00000326                __vector_13
                0x0000043e                uart_init
                0x00000380                uart_getc
                0x00000306                uart_putc
                0x00000472                uart_printtime
                0x000003d2                uart_puti
 .text          0x000006ce       0xaa fifo.o
                0x000006e2                fifo_put
                0x000006ce                fifo_init
                0x0000072c                fifo_get
 .text          0x00000778       0x9e usbn2mc.o
                0x000007c0                USBNWrite
                0x000007e6                USBNRead
                0x000007a8                USBNBurstWrite
                0x000007ba                USBNDebug
                0x00000790                USBNBurstRead
                0x00000778                USBNInitMC
 .text          0x00000816        0x0 c:/winavr/bin/../lib/gcc/avr/4.2.2/avr5\libgcc.a(_mulsi3.o)
 .text          0x00000816        0x0 c:/winavr/bin/../lib/gcc/avr/4.2.2/avr5\libgcc.a(_udivmodsi4.o)
 .text          0x00000816        0x0 c:/winavr/bin/../lib/gcc/avr/4.2.2/avr5\libgcc.a(_exit.o)
 .text          0x00000816        0x0 c:/winavr/bin/../lib/gcc/avr/4.2.2/avr5\libgcc.a(_copy_data.o)
 .text          0x00000816        0x0 c:/winavr/bin/../lib/gcc/avr/4.2.2/avr5\libgcc.a(_clear_bss.o)
 .text          0x00000816       0x42 c:/winavr/bin/../lib/gcc/avr/4.2.2/../../../../avr/lib/avr5\libc.a(itoa.o)
                0x00000816                itoa
 .text          0x00000858       0x20 c:/winavr/bin/../lib/gcc/avr/4.2.2/../../../../avr/lib/avr5\libc.a(strrev.o)
                0x00000858                strrev
 .text          0x00000878        0x0 c:/winavr/bin/../lib/gcc/avr/4.2.2/avr5\libgcc.a(_udivmodhi4.o)
                0x00000878                . = ALIGN (0x2)
 *(.text.*)
 .text.libgcc   0x00000878       0x3e c:/winavr/bin/../lib/gcc/avr/4.2.2/avr5\libgcc.a(_mulsi3.o)
                0x00000878                __mulsi3
 .text.libgcc   0x000008b6       0x44 c:/winavr/bin/../lib/gcc/avr/4.2.2/avr5\libgcc.a(_udivmodsi4.o)
                0x000008b6                __udivmodsi4
 .text.libgcc   0x000008fa        0x0 c:/winavr/bin/../lib/gcc/avr/4.2.2/avr5\libgcc.a(_exit.o)
 .text.libgcc   0x000008fa        0x0 c:/winavr/bin/../lib/gcc/avr/4.2.2/avr5\libgcc.a(_copy_data.o)
 .text.libgcc   0x000008fa        0x0 c:/winavr/bin/../lib/gcc/avr/4.2.2/avr5\libgcc.a(_clear_bss.o)
 .text.libgcc   0x000008fa       0x28 c:/winavr/bin/../lib/gcc/avr/4.2.2/avr5\libgcc.a(_udivmodhi4.o)
                0x000008fa                __udivmodhi4
                0x00000922                . = ALIGN (0x2)
 *(.fini9)
 .fini9         0x00000922        0x0 c:/winavr/bin/../lib/gcc/avr/4.2.2/avr5\libgcc.a(_exit.o)
                0x00000922                exit
                0x00000922                _exit
 *(.fini9)
 *(.fini8)
 *(.fini8)
 *(.fini7)
 *(.fini7)
 *(.fini6)
 *(.fini6)
 *(.fini5)
 *(.fini5)
 *(.fini4)
 *(.fini4)
 *(.fini3)
 *(.fini3)
 *(.fini2)
 *(.fini2)
 *(.fini1)
 *(.fini1)
 *(.fini0)
 .fini0         0x00000922        0x2 c:/winavr/bin/../lib/gcc/avr/4.2.2/avr5\libgcc.a(_exit.o)
 *(.fini0)
                0x00000924                _etext = .

.data           0x00800060       0xb0 load address 0x00000924
                0x00800060                PROVIDE (__data_start, .)
 *(.data)
 .data          0x00800060        0x0 c:/winavr/bin/../lib/gcc/avr/4.2.2/../../../../avr/lib/avr5/crtm32.o
 .data          0x00800060       0x8d main.o
                0x00800098                usbrs232
                0x008000aa                usbrs232Conf
 .data          0x008000ed       0x22 uart.o
 .data          0x0080010f        0x0 fifo.o
 .data          0x0080010f        0x0 usbn2mc.o
 .data          0x0080010f        0x0 c:/winavr/bin/../lib/gcc/avr/4.2.2/avr5\libgcc.a(_mulsi3.o)
 .data          0x0080010f        0x0 c:/winavr/bin/../lib/gcc/avr/4.2.2/avr5\libgcc.a(_udivmodsi4.o)
 .data          0x0080010f        0x0 c:/winavr/bin/../lib/gcc/avr/4.2.2/avr5\libgcc.a(_exit.o)
 .data          0x0080010f        0x0 c:/winavr/bin/../lib/gcc/avr/4.2.2/avr5\libgcc.a(_copy_data.o)
 .data          0x0080010f        0x0 c:/winavr/bin/../lib/gcc/avr/4.2.2/avr5\libgcc.a(_clear_bss.o)
 .data          0x0080010f        0x0 c:/winavr/bin/../lib/gcc/avr/4.2.2/../../../../avr/lib/avr5\libc.a(itoa.o)
 .data          0x0080010f        0x0 c:/winavr/bin/../lib/gcc/avr/4.2.2/../../../../avr/lib/avr5\libc.a(strrev.o)
 .data          0x0080010f        0x0 c:/winavr/bin/../lib/gcc/avr/4.2.2/avr5\libgcc.a(_udivmodhi4.o)
 *(.data*)
 *(.rodata)
 *(.rodata*)
 *(.gnu.linkonce.d*)
                0x00800110                . = ALIGN (0x2)
 *fill*         0x0080010f        0x1 00
                0x00800110                _edata = .
                0x00800110                PROVIDE (__data_end, .)

.bss            0x00800110       0xfc load address 0x000009d4
                0x00800110                PROVIDE (__bss_start, .)
 *(.bss)
 .bss           0x00800110        0x0 c:/winavr/bin/../lib/gcc/avr/4.2.2/../../../../avr/lib/avr5/crtm32.o
 .bss           0x00800110        0x5 main.o
                0x00800113                togl1
                0x00800111                togl3
                0x00800110                tx1togl
 .bss           0x00800115        0x0 uart.o
 .bss           0x00800115        0x0 fifo.o
 .bss           0x00800115        0x0 usbn2mc.o
 .bss           0x00800115        0x0 c:/winavr/bin/../lib/gcc/avr/4.2.2/avr5\libgcc.a(_mulsi3.o)
 .bss           0x00800115        0x0 c:/winavr/bin/../lib/gcc/avr/4.2.2/avr5\libgcc.a(_udivmodsi4.o)
 .bss           0x00800115        0x0 c:/winavr/bin/../lib/gcc/avr/4.2.2/avr5\libgcc.a(_exit.o)
 .bss           0x00800115        0x0 c:/winavr/bin/../lib/gcc/avr/4.2.2/avr5\libgcc.a(_copy_data.o)
 .bss           0x00800115        0x0 c:/winavr/bin/../lib/gcc/avr/4.2.2/avr5\libgcc.a(_clear_bss.o)
 .bss           0x00800115        0x0 c:/winavr/bin/../lib/gcc/avr/4.2.2/../../../../avr/lib/avr5\libc.a(itoa.o)
 .bss           0x00800115        0x0 c:/winavr/bin/../lib/gcc/avr/4.2.2/../../../../avr/lib/avr5\libc.a(strrev.o)
 .bss           0x00800115        0x0 c:/winavr/bin/../lib/gcc/avr/4.2.2/avr5\libgcc.a(_udivmodhi4.o)
 *(.bss*)
 *(COMMON)
 COMMON         0x00800115       0xe5 main.o
                0x00800115                toUSBFIFO
                0x00800117                usb_cdc_line_coding
                0x0080011e                toRS232FIFO
                0x00800120                StringList
                0x00800122                FinalStringArray
                0x00800124                RX1Callback
                0x00800126                toUSBBuf
                0x0080018a                EP0RXBuf
                0x00800192                DeviceDescriptor
                0x00800194                toRS232Buf
                0x008001f8                ConfigurationDescriptor
 COMMON         0x008001fa       0x12 uart.o
                0x008001fa                inbuf
                0x00800204                infifo
                0x0080020c                PROVIDE (__bss_end, .)
                0x00000924                __data_load_start = LOADADDR (.data)
                0x000009d4                __data_load_end = (__data_load_start + SIZEOF (.data))

.noinit         0x0080020c        0x0
                0x0080020c                PROVIDE (__noinit_start, .)
 *(.noinit*)
                0x0080020c                PROVIDE (__noinit_end, .)
                0x0080020c                _end = .
                0x0080020c                PROVIDE (__heap_start, .)

.eeprom         0x00810000        0x0
 *(.eeprom*)
                0x00810000                __eeprom_end = .

.fuse
 *(.fuse)
 *(.lfuse)
 *(.hfuse)
 *(.efuse)

.lock
 *(.lock*)

.signature
 *(.signature*)

.stab           0x00000000      0x378
 *(.stab)
 .stab          0x00000000      0x378 c:/winavr/bin/../lib/gcc/avr/4.2.2/../../../../avr/lib/avr5/crtm32.o

.stabstr        0x00000000       0x5f
 *(.stabstr)
 .stabstr       0x00000000       0x5f c:/winavr/bin/../lib/gcc/avr/4.2.2/../../../../avr/lib/avr5/crtm32.o

.stab.excl
 *(.stab.excl)

.stab.exclstr
 *(.stab.exclstr)

.stab.index
 *(.stab.index)

.stab.indexstr
 *(.stab.indexstr)

.comment
 *(.comment)

.debug
 *(.debug)

.line
 *(.line)

.debug_srcinfo
 *(.debug_srcinfo)

.debug_sfnames
 *(.debug_sfnames)

.debug_aranges  0x00000000       0x80
 *(.debug_aranges)
 .debug_aranges
                0x00000000       0x20 main.o
 .debug_aranges
                0x00000020       0x20 uart.o
 .debug_aranges
                0x00000040       0x20 fifo.o
 .debug_aranges
                0x00000060       0x20 usbn2mc.o

.debug_pubnames
                0x00000000      0x36c
 *(.debug_pubnames)
 .debug_pubnames
                0x00000000      0x1b1 main.o
 .debug_pubnames
                0x000001b1       0xa0 uart.o
 .debug_pubnames
                0x00000251       0x3a fifo.o
 .debug_pubnames
                0x0000028b       0xe1 usbn2mc.o

.debug_info     0x00000000      0xf41
 *(.debug_info)
 .debug_info    0x00000000      0x535 main.o
 .debug_info    0x00000535      0x5b6 uart.o
 .debug_info    0x00000aeb      0x1f8 fifo.o
 .debug_info    0x00000ce3      0x25e usbn2mc.o
 *(.gnu.linkonce.wi.*)

.debug_abbrev   0x00000000      0x5a5
 *(.debug_abbrev)
 .debug_abbrev  0x00000000      0x178 main.o
 .debug_abbrev  0x00000178      0x1cf uart.o
 .debug_abbrev  0x00000347       0xed fifo.o
 .debug_abbrev  0x00000434      0x171 usbn2mc.o

.debug_line     0x00000000      0x981
 *(.debug_line)
 .debug_line    0x00000000      0x2b0 main.o
 .debug_line    0x000002b0      0x36f uart.o
 .debug_line    0x0000061f      0x192 fifo.o
 .debug_line    0x000007b1      0x1d0 usbn2mc.o

.debug_frame    0x00000000      0x1d0
 *(.debug_frame)
 .debug_frame   0x00000000       0x90 main.o
 .debug_frame   0x00000090       0x90 uart.o
 .debug_frame   0x00000120       0x40 fifo.o
 .debug_frame   0x00000160       0x70 usbn2mc.o

.debug_str      0x00000000      0x42f
 *(.debug_str)
 .debug_str     0x00000000      0x30e main.o
                                0x34d (size before relaxing)
 .debug_str     0x0000030e       0xaa uart.o
                                0x1c4 (size before relaxing)
 .debug_str     0x000003b8       0x28 fifo.o
                                0x144 (size before relaxing)
 .debug_str     0x000003e0       0x4f usbn2mc.o
                                0x1c1 (size before relaxing)

.debug_loc      0x00000000      0x41c
 *(.debug_loc)
 .debug_loc     0x00000000       0x80 main.o
 .debug_loc     0x00000080      0x233 uart.o
 .debug_loc     0x000002b3      0x118 fifo.o
 .debug_loc     0x000003cb       0x51 usbn2mc.o

.debug_macinfo
 *(.debug_macinfo)
OUTPUT(main.elf elf32-avr)
LOAD linker stubs

.debug_ranges   0x00000000       0x30
 .debug_ranges  0x00000000       0x18 main.o
 .debug_ranges  0x00000018       0x18 uart.o

Cross Reference Table

Symbol                                            File
ConfigurationDescriptor                           usbn2mc.o
                                                  main.o
DeviceDescriptor                                  usbn2mc.o
                                                  main.o
EP0RXBuf                                          usbn2mc.o
                                                  main.o
FinalStringArray                                  usbn2mc.o
                                                  main.o
RX1Callback                                       usbn2mc.o
                                                  main.o
StringList                                        usbn2mc.o
                                                  main.o
UARTWrite                                         usbn2mc.o
USBNBurstRead                                     usbn2mc.o
USBNBurstWrite                                    usbn2mc.o
USBNCallbackFIFORX1                               main.o
USBNDebug                                         usbn2mc.o
USBNDecodeClassRequest                            main.o
USBNDecodeVendorRequest                           main.o
USBNInit                                          main.o
USBNInitMC                                        usbn2mc.o
                                                  main.o
USBNInterfaceRequests                             main.o
USBNInterrupt                                     main.o
USBNRead                                          usbn2mc.o
                                                  main.o
USBNStart                                         main.o
USBNWrite                                         usbn2mc.o
                                                  main.o
USBtoRS232                                        main.o
_USBNAddStringDescriptor                          main.o
_USBNCreateStringField                            main.o
__bad_interrupt                                   c:/winavr/bin/../lib/gcc/avr/4.2.2/../../../../avr/lib/avr5/crtm32.o
__bss_end                                         c:/winavr/bin/../lib/gcc/avr/4.2.2/avr5\libgcc.a(_clear_bss.o)
__bss_start                                       c:/winavr/bin/../lib/gcc/avr/4.2.2/avr5\libgcc.a(_clear_bss.o)
__data_end                                        c:/winavr/bin/../lib/gcc/avr/4.2.2/avr5\libgcc.a(_copy_data.o)
__data_load_start                                 c:/winavr/bin/../lib/gcc/avr/4.2.2/avr5\libgcc.a(_copy_data.o)
__data_start                                      c:/winavr/bin/../lib/gcc/avr/4.2.2/avr5\libgcc.a(_copy_data.o)
__do_clear_bss                                    c:/winavr/bin/../lib/gcc/avr/4.2.2/avr5\libgcc.a(_clear_bss.o)
                                                  usbn2mc.o
                                                  fifo.o
                                                  uart.o
                                                  main.o
__do_copy_data                                    c:/winavr/bin/../lib/gcc/avr/4.2.2/avr5\libgcc.a(_copy_data.o)
                                                  usbn2mc.o
                                                  fifo.o
                                                  uart.o
                                                  main.o
__heap_end                                        c:/winavr/bin/../lib/gcc/avr/4.2.2/../../../../avr/lib/avr5/crtm32.o
__init                                            c:/winavr/bin/../lib/gcc/avr/4.2.2/../../../../avr/lib/avr5/crtm32.o
__mulsi3                                          c:/winavr/bin/../lib/gcc/avr/4.2.2/avr5\libgcc.a(_mulsi3.o)
                                                  uart.o
__stack                                           c:/winavr/bin/../lib/gcc/avr/4.2.2/../../../../avr/lib/avr5/crtm32.o
__udivmodhi4                                      c:/winavr/bin/../lib/gcc/avr/4.2.2/avr5\libgcc.a(_udivmodhi4.o)
                                                  c:/winavr/bin/../lib/gcc/avr/4.2.2/../../../../avr/lib/avr5\libc.a(itoa.o)
__udivmodsi4                                      c:/winavr/bin/../lib/gcc/avr/4.2.2/avr5\libgcc.a(_udivmodsi4.o)
                                                  uart.o
__vector_1                                        main.o
                                                  c:/winavr/bin/../lib/gcc/avr/4.2.2/../../../../avr/lib/avr5/crtm32.o
__vector_10                                       c:/winavr/bin/../lib/gcc/avr/4.2.2/../../../../avr/lib/avr5/crtm32.o
__vector_11                                       c:/winavr/bin/../lib/gcc/avr/4.2.2/../../../../avr/lib/avr5/crtm32.o
__vector_12                                       c:/winavr/bin/../lib/gcc/avr/4.2.2/../../../../avr/lib/avr5/crtm32.o
__vector_13                                       uart.o
                                                  c:/winavr/bin/../lib/gcc/avr/4.2.2/../../../../avr/lib/avr5/crtm32.o
__vector_14                                       c:/winavr/bin/../lib/gcc/avr/4.2.2/../../../../avr/lib/avr5/crtm32.o
__vector_15                                       c:/winavr/bin/../lib/gcc/avr/4.2.2/../../../../avr/lib/avr5/crtm32.o
__vector_16                                       c:/winavr/bin/../lib/gcc/avr/4.2.2/../../../../avr/lib/avr5/crtm32.o
__vector_17                                       c:/winavr/bin/../lib/gcc/avr/4.2.2/../../../../avr/lib/avr5/crtm32.o
__vector_18                                       c:/winavr/bin/../lib/gcc/avr/4.2.2/../../../../avr/lib/avr5/crtm32.o
__vector_19                                       c:/winavr/bin/../lib/gcc/avr/4.2.2/../../../../avr/lib/avr5/crtm32.o
__vector_2                                        c:/winavr/bin/../lib/gcc/avr/4.2.2/../../../../avr/lib/avr5/crtm32.o
__vector_20                                       c:/winavr/bin/../lib/gcc/avr/4.2.2/../../../../avr/lib/avr5/crtm32.o
__vector_3                                        c:/winavr/bin/../lib/gcc/avr/4.2.2/../../../../avr/lib/avr5/crtm32.o
__vector_4                                        c:/winavr/bin/../lib/gcc/avr/4.2.2/../../../../avr/lib/avr5/crtm32.o
__vector_5                                        c:/winavr/bin/../lib/gcc/avr/4.2.2/../../../../avr/lib/avr5/crtm32.o
__vector_6                                        c:/winavr/bin/../lib/gcc/avr/4.2.2/../../../../avr/lib/avr5/crtm32.o
__vector_7                                        c:/winavr/bin/../lib/gcc/avr/4.2.2/../../../../avr/lib/avr5/crtm32.o
__vector_8                                        c:/winavr/bin/../lib/gcc/avr/4.2.2/../../../../avr/lib/avr5/crtm32.o
__vector_9                                        c:/winavr/bin/../lib/gcc/avr/4.2.2/../../../../avr/lib/avr5/crtm32.o
__vector_default                                  c:/winavr/bin/../lib/gcc/avr/4.2.2/../../../../avr/lib/avr5/crtm32.o
__vectors                                         c:/winavr/bin/../lib/gcc/avr/4.2.2/../../../../avr/lib/avr5/crtm32.o
_exit                                             c:/winavr/bin/../lib/gcc/avr/4.2.2/avr5\libgcc.a(_exit.o)
avrupdate_start                                   main.o
exit                                              c:/winavr/bin/../lib/gcc/avr/4.2.2/avr5\libgcc.a(_exit.o)
                                                  c:/winavr/bin/../lib/gcc/avr/4.2.2/../../../../avr/lib/avr5/crtm32.o
fifo_get                                          fifo.o
                                                  uart.o
fifo_init                                         fifo.o
                                                  uart.o
                                                  main.o
fifo_put                                          fifo.o
                                                  uart.o
inbuf                                             uart.o
infifo                                            uart.o
interrupt_ep_send                                 main.o
itoa                                              c:/winavr/bin/../lib/gcc/avr/4.2.2/../../../../avr/lib/avr5\libc.a(itoa.o)
                                                  uart.o
main                                              main.o
                                                  c:/winavr/bin/../lib/gcc/avr/4.2.2/../../../../avr/lib/avr5/crtm32.o
rs232_send                                        main.o
strrev                                            c:/winavr/bin/../lib/gcc/avr/4.2.2/../../../../avr/lib/avr5\libc.a(strrev.o)
                                                  c:/winavr/bin/../lib/gcc/avr/4.2.2/../../../../avr/lib/avr5\libc.a(itoa.o)
toRS232Buf                                        main.o
toRS232FIFO                                       main.o
toUSBBuf                                          main.o
toUSBFIFO                                         main.o
togl1                                             main.o
togl3                                             main.o
tx1togl                                           main.o
uart_getc                                         uart.o
uart_init                                         uart.o
                                                  main.o
uart_printtime                                    uart.o
uart_putc                                         uart.o
                                                  main.o
uart_puti                                         uart.o
uart_puts                                         uart.o
                                                  main.o
uart_puts_p                                       uart.o
usb_cdc_line_coding                               main.o
usbrs232                                          main.o
usbrs232Conf                                      main.o
