Archive member included because of file (symbol)

c:/winavr/bin/../lib/gcc/avr/4.1.2/avr5\libgcc.a(_udivmodsi4.o)
                              ../nbot_lib_ATMega644/timer.o (__udivmodsi4)
c:/winavr/bin/../lib/gcc/avr/4.1.2/avr5\libgcc.a(_exit.o)
                              c:/winavr/bin/../lib/gcc/avr/4.1.2/../../../../avr/lib/avr5/crtm644.o (exit)
c:/winavr/bin/../lib/gcc/avr/4.1.2/avr5\libgcc.a(_copy_data.o)
                              adwandler.o (__do_copy_data)
c:/winavr/bin/../lib/gcc/avr/4.1.2/avr5\libgcc.a(_clear_bss.o)
                              adwandler.o (__do_clear_bss)

Allocating common symbols
Common symbol       size              file

active_e            0x1               ../nbot_lib_ATMega644/lcd.o
count36kHz          0x1               ../nbot_lib_ATMega644/timer.o
key_rpt             0x1               ../nbot_lib_ATMega644/taste.o
timebase            0x4               ../nbot_lib_ATMega644/timer.o
key_press           0x1               ../nbot_lib_ATMega644/taste.o
key_state           0x1               ../nbot_lib_ATMega644/taste.o

Discarded input sections

 .stabstr       0x00000000        0x0 c:/winavr/bin/../lib/gcc/avr/4.1.2/../../../../avr/lib/avr5/crtm644.o

Memory Configuration

Name             Origin             Length             Attributes
text             0x00000000         0x00020000         xr
data             0x00800060         0x0000ffa0         rw !x
eeprom           0x00810000         0x00010000         rw !x
*default*        0x00000000         0xffffffff

Linker script and memory map

Address of section .data set to 0x800100
LOAD c:/winavr/bin/../lib/gcc/avr/4.1.2/../../../../avr/lib/avr5/crtm644.o
LOAD adwandler.o
LOAD ../nbot_lib_ATMega644/lcd.o
LOAD ../nbot_lib_ATMega644/timer.o
LOAD ../nbot_lib_ATMega644/taste.o
LOAD c:/winavr/bin/../lib/gcc/avr/4.1.2/../../../../avr/lib/avr5\libm.a
LOAD c:/winavr/bin/../lib/gcc/avr/4.1.2/avr5\libgcc.a
LOAD c:/winavr/bin/../lib/gcc/avr/4.1.2/../../../../avr/lib/avr5\libc.a
LOAD c:/winavr/bin/../lib/gcc/avr/4.1.2/avr5\libgcc.a

.hash
 *(.hash)

.dynsym
 *(.dynsym)

.dynstr
 *(.dynstr)

.gnu.version
 *(.gnu.version)

.gnu.version_d
 *(.gnu.version_d)

.gnu.version_r
 *(.gnu.version_r)

.rel.init
 *(.rel.init)

.rela.init
 *(.rela.init)

.rel.text
 *(.rel.text)
 *(.rel.text.*)
 *(.rel.gnu.linkonce.t*)

.rela.text
 *(.rela.text)
 *(.rela.text.*)
 *(.rela.gnu.linkonce.t*)

.rel.fini
 *(.rel.fini)

.rela.fini
 *(.rela.fini)

.rel.rodata
 *(.rel.rodata)
 *(.rel.rodata.*)
 *(.rel.gnu.linkonce.r*)

.rela.rodata
 *(.rela.rodata)
 *(.rela.rodata.*)
 *(.rela.gnu.linkonce.r*)

.rel.data
 *(.rel.data)
 *(.rel.data.*)
 *(.rel.gnu.linkonce.d*)

.rela.data
 *(.rela.data)
 *(.rela.data.*)
 *(.rela.gnu.linkonce.d*)

.rel.ctors
 *(.rel.ctors)

.rela.ctors
 *(.rela.ctors)

.rel.dtors
 *(.rel.dtors)

.rela.dtors
 *(.rela.dtors)

.rel.got
 *(.rel.got)

.rela.got
 *(.rela.got)

.rel.bss
 *(.rel.bss)

.rela.bss
 *(.rela.bss)

.rel.plt
 *(.rel.plt)

.rela.plt
 *(.rela.plt)

.text           0x00000000      0x5a8
 *(.vectors)
 .vectors       0x00000000       0x70 c:/winavr/bin/../lib/gcc/avr/4.1.2/../../../../avr/lib/avr5/crtm644.o
                0x00000000                __vectors
                0x00000000                __vector_default
 *(.vectors)
 *(.progmem.gcc*)
 *(.progmem*)
                0x00000070                . = ALIGN (0x2)
                0x00000070                __trampolines_start = .
 *(.trampolines)
 .trampolines   0x00000070        0x0 linker stubs
 *(.trampolines*)
                0x00000070                __trampolines_end = .
 *(.jumptables)
 *(.jumptables*)
 *(.lowtext)
 *(.lowtext*)
                0x00000070                __ctors_start = .
 *(.ctors)
                0x00000070                __ctors_end = .
                0x00000070                __dtors_start = .
 *(.dtors)
                0x00000070                __dtors_end = .
 SORT(*)(.ctors)
 SORT(*)(.dtors)
 *(.init0)
 .init0         0x00000070        0x0 c:/winavr/bin/../lib/gcc/avr/4.1.2/../../../../avr/lib/avr5/crtm644.o
                0x00000070                __init
 *(.init0)
 *(.init1)
 *(.init1)
 *(.init2)
 .init2         0x00000070        0xc c:/winavr/bin/../lib/gcc/avr/4.1.2/../../../../avr/lib/avr5/crtm644.o
 *(.init2)
 *(.init3)
 *(.init3)
 *(.init4)
 .init4         0x0000007c       0x16 c:/winavr/bin/../lib/gcc/avr/4.1.2/avr5\libgcc.a(_copy_data.o)
                0x0000007c                __do_copy_data
 .init4         0x00000092       0x10 c:/winavr/bin/../lib/gcc/avr/4.1.2/avr5\libgcc.a(_clear_bss.o)
                0x00000092                __do_clear_bss
 *(.init4)
 *(.init5)
 *(.init5)
 *(.init6)
 *(.init6)
 *(.init7)
 *(.init7)
 *(.init8)
 *(.init8)
 *(.init9)
 .init9         0x000000a2        0x8 c:/winavr/bin/../lib/gcc/avr/4.1.2/../../../../avr/lib/avr5/crtm644.o
 *(.init9)
 *(.text)
 .text          0x000000aa        0x4 c:/winavr/bin/../lib/gcc/avr/4.1.2/../../../../avr/lib/avr5/crtm644.o
                0x000000aa                __vector_22
                0x000000aa                __vector_1
                0x000000aa                __vector_24
                0x000000aa                __vector_12
                0x000000aa                __bad_interrupt
                0x000000aa                __vector_6
                0x000000aa                __vector_3
                0x000000aa                __vector_23
                0x000000aa                __vector_25
                0x000000aa                __vector_13
                0x000000aa                __vector_17
                0x000000aa                __vector_19
                0x000000aa                __vector_7
                0x000000aa                __vector_27
                0x000000aa                __vector_5
                0x000000aa                __vector_4
                0x000000aa                __vector_9
                0x000000aa                __vector_2
                0x000000aa                __vector_21
                0x000000aa                __vector_15
                0x000000aa                __vector_8
                0x000000aa                __vector_26
                0x000000aa                __vector_14
                0x000000aa                __vector_10
                0x000000aa                __vector_16
                0x000000aa                __vector_18
                0x000000aa                __vector_20
 .text          0x000000ae       0x78 adwandler.o
                0x000000ae                get_adc
                0x000000fe                main
 .text          0x00000126      0x268 ../nbot_lib_ATMega644/lcd.o
                0x0000020c                lcd_gotoxy
                0x00000236                lcd_putc
                0x000002b6                lcd_puts_P
                0x000002d2                lcd_clrscr
                0x000002ec                init_controller
                0x0000029e                lcd_puts
                0x00000358                lcd_init
                0x000001f8                lcd_command
 .text          0x0000038e      0x12a ../nbot_lib_ATMega644/timer.o
                0x0000038e                timer2_init
                0x000003dc                sleep
                0x000003ec                __vector_11
                0x000003a6                Gettime
                0x00000496                msleep
 .text          0x000004b8       0xaa ../nbot_lib_ATMega644/taste.o
                0x00000548                get_key_rpt
                0x0000052e                get_key_press
                0x000004b8                tasten
 .text          0x00000562        0x0 c:/winavr/bin/../lib/gcc/avr/4.1.2/avr5\libgcc.a(_udivmodsi4.o)
 .text          0x00000562        0x0 c:/winavr/bin/../lib/gcc/avr/4.1.2/avr5\libgcc.a(_exit.o)
 .text          0x00000562        0x0 c:/winavr/bin/../lib/gcc/avr/4.1.2/avr5\libgcc.a(_copy_data.o)
 .text          0x00000562        0x0 c:/winavr/bin/../lib/gcc/avr/4.1.2/avr5\libgcc.a(_clear_bss.o)
                0x00000562                . = ALIGN (0x2)
 *(.text.*)
 .text.libgcc   0x00000562       0x44 c:/winavr/bin/../lib/gcc/avr/4.1.2/avr5\libgcc.a(_udivmodsi4.o)
                0x00000562                __udivmodsi4
 .text.libgcc   0x000005a6        0x0 c:/winavr/bin/../lib/gcc/avr/4.1.2/avr5\libgcc.a(_exit.o)
 .text.libgcc   0x000005a6        0x0 c:/winavr/bin/../lib/gcc/avr/4.1.2/avr5\libgcc.a(_copy_data.o)
 .text.libgcc   0x000005a6        0x0 c:/winavr/bin/../lib/gcc/avr/4.1.2/avr5\libgcc.a(_clear_bss.o)
                0x000005a6                . = ALIGN (0x2)
 *(.fini9)
 .fini9         0x000005a6        0x0 c:/winavr/bin/../lib/gcc/avr/4.1.2/avr5\libgcc.a(_exit.o)
                0x000005a6                exit
                0x000005a6                _exit
 *(.fini9)
 *(.fini8)
 *(.fini8)
 *(.fini7)
 *(.fini7)
 *(.fini6)
 *(.fini6)
 *(.fini5)
 *(.fini5)
 *(.fini4)
 *(.fini4)
 *(.fini3)
 *(.fini3)
 *(.fini2)
 *(.fini2)
 *(.fini1)
 *(.fini1)
 *(.fini0)
 .fini0         0x000005a6        0x2 c:/winavr/bin/../lib/gcc/avr/4.1.2/avr5\libgcc.a(_exit.o)
 *(.fini0)
                0x000005a8                _etext = .

.data           0x00800100        0x0 load address 0x000005a8
                0x00800100                PROVIDE (__data_start, .)
 *(.data)
 .data          0x00800100        0x0 c:/winavr/bin/../lib/gcc/avr/4.1.2/../../../../avr/lib/avr5/crtm644.o
 .data          0x00800100        0x0 adwandler.o
 .data          0x00800100        0x0 ../nbot_lib_ATMega644/lcd.o
 .data          0x00800100        0x0 ../nbot_lib_ATMega644/timer.o
 .data          0x00800100        0x0 ../nbot_lib_ATMega644/taste.o
 .data          0x00800100        0x0 c:/winavr/bin/../lib/gcc/avr/4.1.2/avr5\libgcc.a(_udivmodsi4.o)
 .data          0x00800100        0x0 c:/winavr/bin/../lib/gcc/avr/4.1.2/avr5\libgcc.a(_exit.o)
 .data          0x00800100        0x0 c:/winavr/bin/../lib/gcc/avr/4.1.2/avr5\libgcc.a(_copy_data.o)
 .data          0x00800100        0x0 c:/winavr/bin/../lib/gcc/avr/4.1.2/avr5\libgcc.a(_clear_bss.o)
 *(.data*)
 *(.rodata)
 *(.rodata*)
 *(.gnu.linkonce.d*)
                0x00800100                . = ALIGN (0x2)
                0x00800100                _edata = .
                0x00800100                PROVIDE (__data_end, .)

.bss            0x00800100        0xc
                0x00800100                PROVIDE (__bss_start, .)
 *(.bss)
 .bss           0x00800100        0x0 c:/winavr/bin/../lib/gcc/avr/4.1.2/../../../../avr/lib/avr5/crtm644.o
 .bss           0x00800100        0x0 adwandler.o
 .bss           0x00800100        0x0 ../nbot_lib_ATMega644/lcd.o
 .bss           0x00800100        0x0 ../nbot_lib_ATMega644/timer.o
 .bss           0x00800100        0x3 ../nbot_lib_ATMega644/taste.o
 .bss           0x00800103        0x0 c:/winavr/bin/../lib/gcc/avr/4.1.2/avr5\libgcc.a(_udivmodsi4.o)
 .bss           0x00800103        0x0 c:/winavr/bin/../lib/gcc/avr/4.1.2/avr5\libgcc.a(_exit.o)
 .bss           0x00800103        0x0 c:/winavr/bin/../lib/gcc/avr/4.1.2/avr5\libgcc.a(_copy_data.o)
 .bss           0x00800103        0x0 c:/winavr/bin/../lib/gcc/avr/4.1.2/avr5\libgcc.a(_clear_bss.o)
 *(.bss*)
 *(COMMON)
 COMMON         0x00800103        0x1 ../nbot_lib_ATMega644/lcd.o
                0x00800103                active_e
 COMMON         0x00800104        0x5 ../nbot_lib_ATMega644/timer.o
                0x00800104                count36kHz
                0x00800105                timebase
 COMMON         0x00800109        0x3 ../nbot_lib_ATMega644/taste.o
                0x00800109                key_rpt
                0x0080010a                key_press
                0x0080010b                key_state
                0x0080010c                PROVIDE (__bss_end, .)
                0x000005a8                __data_load_start = LOADADDR (.data)
                0x000005a8                __data_load_end = (__data_load_start + SIZEOF (.data))

.noinit         0x0080010c        0x0
                0x0080010c                PROVIDE (__noinit_start, .)
 *(.noinit*)
                0x0080010c                PROVIDE (__noinit_end, .)
                0x0080010c                _end = .
                0x0080010c                PROVIDE (__heap_start, .)

.eeprom         0x00810000        0x0
 *(.eeprom*)
                0x00810000                __eeprom_end = .

.stab           0x00000000      0x378
 *(.stab)
 .stab          0x00000000      0x378 c:/winavr/bin/../lib/gcc/avr/4.1.2/../../../../avr/lib/avr5/crtm644.o

.stabstr        0x00000000       0x71
 *(.stabstr)
 .stabstr       0x00000000       0x71 c:/winavr/bin/../lib/gcc/avr/4.1.2/../../../../avr/lib/avr5/crtm644.o

.stab.excl
 *(.stab.excl)

.stab.exclstr
 *(.stab.exclstr)

.stab.index
 *(.stab.index)

.stab.indexstr
 *(.stab.indexstr)

.comment
 *(.comment)

.debug
 *(.debug)

.line
 *(.line)

.debug_srcinfo
 *(.debug_srcinfo)

.debug_sfnames
 *(.debug_sfnames)

.debug_aranges  0x00000000       0x80
 *(.debug_aranges)
 .debug_aranges
                0x00000000       0x20 adwandler.o
 .debug_aranges
                0x00000020       0x20 ../nbot_lib_ATMega644/lcd.o
 .debug_aranges
                0x00000040       0x20 ../nbot_lib_ATMega644/timer.o
 .debug_aranges
                0x00000060       0x20 ../nbot_lib_ATMega644/taste.o

.debug_pubnames
                0x00000000      0x194
 *(.debug_pubnames)
 .debug_pubnames
                0x00000000       0x27 adwandler.o
 .debug_pubnames
                0x00000027       0x97 ../nbot_lib_ATMega644/lcd.o
 .debug_pubnames
                0x000000be       0x6f ../nbot_lib_ATMega644/timer.o
 .debug_pubnames
                0x0000012d       0x67 ../nbot_lib_ATMega644/taste.o

.debug_info     0x00000000      0x7b9
 *(.debug_info)
 .debug_info    0x00000000       0xcc adwandler.o
 .debug_info    0x000000cc      0x407 ../nbot_lib_ATMega644/lcd.o
 .debug_info    0x000004d3      0x170 ../nbot_lib_ATMega644/timer.o
 .debug_info    0x00000643      0x176 ../nbot_lib_ATMega644/taste.o
 *(.gnu.linkonce.wi.*)

.debug_abbrev   0x00000000      0x439
 *(.debug_abbrev)
 .debug_abbrev  0x00000000       0x90 adwandler.o
 .debug_abbrev  0x00000090      0x1e0 ../nbot_lib_ATMega644/lcd.o
 .debug_abbrev  0x00000270      0x10e ../nbot_lib_ATMega644/timer.o
 .debug_abbrev  0x0000037e       0xbb ../nbot_lib_ATMega644/taste.o

.debug_line     0x00000000      0x83c
 *(.debug_line)
 .debug_line    0x00000000      0x12b adwandler.o
 .debug_line    0x0000012b      0x419 ../nbot_lib_ATMega644/lcd.o
 .debug_line    0x00000544      0x195 ../nbot_lib_ATMega644/timer.o
 .debug_line    0x000006d9      0x163 ../nbot_lib_ATMega644/taste.o

.debug_frame    0x00000000      0x1a0
 *(.debug_frame)
 .debug_frame   0x00000000       0x30 adwandler.o
 .debug_frame   0x00000030       0xd0 ../nbot_lib_ATMega644/lcd.o
 .debug_frame   0x00000100       0x60 ../nbot_lib_ATMega644/timer.o
 .debug_frame   0x00000160       0x40 ../nbot_lib_ATMega644/taste.o

.debug_str      0x00000000      0x2f8
 *(.debug_str)
 .debug_str     0x00000000       0xd6 adwandler.o
                                0x111 (size before relaxing)
 .debug_str     0x000000d6      0x159 ../nbot_lib_ATMega644/lcd.o
                                0x213 (size before relaxing)
 .debug_str     0x0000022f       0x6e ../nbot_lib_ATMega644/timer.o
                                0x145 (size before relaxing)
 .debug_str     0x0000029d       0x5b ../nbot_lib_ATMega644/taste.o
                                0x14b (size before relaxing)

.debug_loc      0x00000000      0x306
 *(.debug_loc)
 .debug_loc     0x00000000       0x13 adwandler.o
 .debug_loc     0x00000013      0x25e ../nbot_lib_ATMega644/lcd.o
 .debug_loc     0x00000271       0x3b ../nbot_lib_ATMega644/timer.o
 .debug_loc     0x000002ac       0x5a ../nbot_lib_ATMega644/taste.o

.debug_macinfo
 *(.debug_macinfo)
OUTPUT(adwandler.elf elf32-avr)
LOAD linker stubs

Cross Reference Table

Symbol                                            File
Gettime                                           ../nbot_lib_ATMega644/timer.o
__bad_interrupt                                   c:/winavr/bin/../lib/gcc/avr/4.1.2/../../../../avr/lib/avr5/crtm644.o
__bss_end                                         c:/winavr/bin/../lib/gcc/avr/4.1.2/avr5\libgcc.a(_clear_bss.o)
__bss_start                                       c:/winavr/bin/../lib/gcc/avr/4.1.2/avr5\libgcc.a(_clear_bss.o)
__data_end                                        c:/winavr/bin/../lib/gcc/avr/4.1.2/avr5\libgcc.a(_copy_data.o)
__data_load_start                                 c:/winavr/bin/../lib/gcc/avr/4.1.2/avr5\libgcc.a(_copy_data.o)
__data_start                                      c:/winavr/bin/../lib/gcc/avr/4.1.2/avr5\libgcc.a(_copy_data.o)
__do_clear_bss                                    c:/winavr/bin/../lib/gcc/avr/4.1.2/avr5\libgcc.a(_clear_bss.o)
                                                  ../nbot_lib_ATMega644/taste.o
                                                  ../nbot_lib_ATMega644/timer.o
                                                  ../nbot_lib_ATMega644/lcd.o
                                                  adwandler.o
__do_copy_data                                    c:/winavr/bin/../lib/gcc/avr/4.1.2/avr5\libgcc.a(_copy_data.o)
                                                  ../nbot_lib_ATMega644/taste.o
                                                  ../nbot_lib_ATMega644/timer.o
                                                  ../nbot_lib_ATMega644/lcd.o
                                                  adwandler.o
__heap_end                                        c:/winavr/bin/../lib/gcc/avr/4.1.2/../../../../avr/lib/avr5/crtm644.o
__init                                            c:/winavr/bin/../lib/gcc/avr/4.1.2/../../../../avr/lib/avr5/crtm644.o
__stack                                           c:/winavr/bin/../lib/gcc/avr/4.1.2/../../../../avr/lib/avr5/crtm644.o
__udivmodsi4                                      c:/winavr/bin/../lib/gcc/avr/4.1.2/avr5\libgcc.a(_udivmodsi4.o)
                                                  ../nbot_lib_ATMega644/timer.o
__vector_1                                        c:/winavr/bin/../lib/gcc/avr/4.1.2/../../../../avr/lib/avr5/crtm644.o
__vector_10                                       c:/winavr/bin/../lib/gcc/avr/4.1.2/../../../../avr/lib/avr5/crtm644.o
__vector_11                                       ../nbot_lib_ATMega644/timer.o
                                                  c:/winavr/bin/../lib/gcc/avr/4.1.2/../../../../avr/lib/avr5/crtm644.o
__vector_12                                       c:/winavr/bin/../lib/gcc/avr/4.1.2/../../../../avr/lib/avr5/crtm644.o
__vector_13                                       c:/winavr/bin/../lib/gcc/avr/4.1.2/../../../../avr/lib/avr5/crtm644.o
__vector_14                                       c:/winavr/bin/../lib/gcc/avr/4.1.2/../../../../avr/lib/avr5/crtm644.o
__vector_15                                       c:/winavr/bin/../lib/gcc/avr/4.1.2/../../../../avr/lib/avr5/crtm644.o
__vector_16                                       c:/winavr/bin/../lib/gcc/avr/4.1.2/../../../../avr/lib/avr5/crtm644.o
__vector_17                                       c:/winavr/bin/../lib/gcc/avr/4.1.2/../../../../avr/lib/avr5/crtm644.o
__vector_18                                       c:/winavr/bin/../lib/gcc/avr/4.1.2/../../../../avr/lib/avr5/crtm644.o
__vector_19                                       c:/winavr/bin/../lib/gcc/avr/4.1.2/../../../../avr/lib/avr5/crtm644.o
__vector_2                                        c:/winavr/bin/../lib/gcc/avr/4.1.2/../../../../avr/lib/avr5/crtm644.o
__vector_20                                       c:/winavr/bin/../lib/gcc/avr/4.1.2/../../../../avr/lib/avr5/crtm644.o
__vector_21                                       c:/winavr/bin/../lib/gcc/avr/4.1.2/../../../../avr/lib/avr5/crtm644.o
__vector_22                                       c:/winavr/bin/../lib/gcc/avr/4.1.2/../../../../avr/lib/avr5/crtm644.o
__vector_23                                       c:/winavr/bin/../lib/gcc/avr/4.1.2/../../../../avr/lib/avr5/crtm644.o
__vector_24                                       c:/winavr/bin/../lib/gcc/avr/4.1.2/../../../../avr/lib/avr5/crtm644.o
__vector_25                                       c:/winavr/bin/../lib/gcc/avr/4.1.2/../../../../avr/lib/avr5/crtm644.o
__vector_26                                       c:/winavr/bin/../lib/gcc/avr/4.1.2/../../../../avr/lib/avr5/crtm644.o
__vector_27                                       c:/winavr/bin/../lib/gcc/avr/4.1.2/../../../../avr/lib/avr5/crtm644.o
__vector_3                                        c:/winavr/bin/../lib/gcc/avr/4.1.2/../../../../avr/lib/avr5/crtm644.o
__vector_4                                        c:/winavr/bin/../lib/gcc/avr/4.1.2/../../../../avr/lib/avr5/crtm644.o
__vector_5                                        c:/winavr/bin/../lib/gcc/avr/4.1.2/../../../../avr/lib/avr5/crtm644.o
__vector_6                                        c:/winavr/bin/../lib/gcc/avr/4.1.2/../../../../avr/lib/avr5/crtm644.o
__vector_7                                        c:/winavr/bin/../lib/gcc/avr/4.1.2/../../../../avr/lib/avr5/crtm644.o
__vector_8                                        c:/winavr/bin/../lib/gcc/avr/4.1.2/../../../../avr/lib/avr5/crtm644.o
__vector_9                                        c:/winavr/bin/../lib/gcc/avr/4.1.2/../../../../avr/lib/avr5/crtm644.o
__vector_default                                  c:/winavr/bin/../lib/gcc/avr/4.1.2/../../../../avr/lib/avr5/crtm644.o
__vectors                                         c:/winavr/bin/../lib/gcc/avr/4.1.2/../../../../avr/lib/avr5/crtm644.o
_exit                                             c:/winavr/bin/../lib/gcc/avr/4.1.2/avr5\libgcc.a(_exit.o)
active_e                                          ../nbot_lib_ATMega644/lcd.o
count36kHz                                        ../nbot_lib_ATMega644/timer.o
exit                                              c:/winavr/bin/../lib/gcc/avr/4.1.2/avr5\libgcc.a(_exit.o)
                                                  c:/winavr/bin/../lib/gcc/avr/4.1.2/../../../../avr/lib/avr5/crtm644.o
get_adc                                           adwandler.o
get_key_press                                     ../nbot_lib_ATMega644/taste.o
get_key_rpt                                       ../nbot_lib_ATMega644/taste.o
init_controller                                   ../nbot_lib_ATMega644/lcd.o
key_press                                         ../nbot_lib_ATMega644/taste.o
key_rpt                                           ../nbot_lib_ATMega644/taste.o
key_state                                         ../nbot_lib_ATMega644/taste.o
lcd_clrscr                                        ../nbot_lib_ATMega644/lcd.o
lcd_command                                       ../nbot_lib_ATMega644/lcd.o
lcd_gotoxy                                        ../nbot_lib_ATMega644/lcd.o
lcd_init                                          ../nbot_lib_ATMega644/lcd.o
lcd_putc                                          ../nbot_lib_ATMega644/lcd.o
lcd_puts                                          ../nbot_lib_ATMega644/lcd.o
lcd_puts_P                                        ../nbot_lib_ATMega644/lcd.o
main                                              adwandler.o
                                                  c:/winavr/bin/../lib/gcc/avr/4.1.2/../../../../avr/lib/avr5/crtm644.o
msleep                                            ../nbot_lib_ATMega644/timer.o
sleep                                             ../nbot_lib_ATMega644/timer.o
tasten                                            ../nbot_lib_ATMega644/taste.o
                                                  ../nbot_lib_ATMega644/timer.o
timebase                                          ../nbot_lib_ATMega644/timer.o
timer2_init                                       ../nbot_lib_ATMega644/timer.o
